Archive member included to satisfy reference by file (symbol)

C:/ST/STM32CubeIDE_1.14.0/STM32CubeIDE/plugins/com.st.stm32cube.ide.mcu.externaltools.gnu-tools-for-stm32.11.3.rel1.win32_1.1.100.202309141235/tools/bin/../lib/gcc/arm-none-eabi/11.3.1/../../../../arm-none-eabi/lib/thumb/v7e-m+fp/hard\libc_nano.a(libc_a-exit.o)
                              C:/ST/STM32CubeIDE_1.14.0/STM32CubeIDE/plugins/com.st.stm32cube.ide.mcu.externaltools.gnu-tools-for-stm32.11.3.rel1.win32_1.1.100.202309141235/tools/bin/../lib/gcc/arm-none-eabi/11.3.1/../../../../arm-none-eabi/lib/thumb/v7e-m+fp/hard/crt0.o (exit)
C:/ST/STM32CubeIDE_1.14.0/STM32CubeIDE/plugins/com.st.stm32cube.ide.mcu.externaltools.gnu-tools-for-stm32.11.3.rel1.win32_1.1.100.202309141235/tools/bin/../lib/gcc/arm-none-eabi/11.3.1/../../../../arm-none-eabi/lib/thumb/v7e-m+fp/hard\libc_nano.a(libc_a-findfp.o)
                              C:/ST/STM32CubeIDE_1.14.0/STM32CubeIDE/plugins/com.st.stm32cube.ide.mcu.externaltools.gnu-tools-for-stm32.11.3.rel1.win32_1.1.100.202309141235/tools/bin/../lib/gcc/arm-none-eabi/11.3.1/../../../../arm-none-eabi/lib/thumb/v7e-m+fp/hard\libc_nano.a(libc_a-exit.o) (__stdio_exit_handler)
C:/ST/STM32CubeIDE_1.14.0/STM32CubeIDE/plugins/com.st.stm32cube.ide.mcu.externaltools.gnu-tools-for-stm32.11.3.rel1.win32_1.1.100.202309141235/tools/bin/../lib/gcc/arm-none-eabi/11.3.1/../../../../arm-none-eabi/lib/thumb/v7e-m+fp/hard\libc_nano.a(libc_a-fwalk.o)
                              C:/ST/STM32CubeIDE_1.14.0/STM32CubeIDE/plugins/com.st.stm32cube.ide.mcu.externaltools.gnu-tools-for-stm32.11.3.rel1.win32_1.1.100.202309141235/tools/bin/../lib/gcc/arm-none-eabi/11.3.1/../../../../arm-none-eabi/lib/thumb/v7e-m+fp/hard\libc_nano.a(libc_a-findfp.o) (_fwalk_sglue)
C:/ST/STM32CubeIDE_1.14.0/STM32CubeIDE/plugins/com.st.stm32cube.ide.mcu.externaltools.gnu-tools-for-stm32.11.3.rel1.win32_1.1.100.202309141235/tools/bin/../lib/gcc/arm-none-eabi/11.3.1/../../../../arm-none-eabi/lib/thumb/v7e-m+fp/hard\libc_nano.a(libc_a-sprintf.o)
                              ./Example/User/main.o (sprintf)
C:/ST/STM32CubeIDE_1.14.0/STM32CubeIDE/plugins/com.st.stm32cube.ide.mcu.externaltools.gnu-tools-for-stm32.11.3.rel1.win32_1.1.100.202309141235/tools/bin/../lib/gcc/arm-none-eabi/11.3.1/../../../../arm-none-eabi/lib/thumb/v7e-m+fp/hard\libc_nano.a(libc_a-stdio.o)
                              C:/ST/STM32CubeIDE_1.14.0/STM32CubeIDE/plugins/com.st.stm32cube.ide.mcu.externaltools.gnu-tools-for-stm32.11.3.rel1.win32_1.1.100.202309141235/tools/bin/../lib/gcc/arm-none-eabi/11.3.1/../../../../arm-none-eabi/lib/thumb/v7e-m+fp/hard\libc_nano.a(libc_a-findfp.o) (__sread)
C:/ST/STM32CubeIDE_1.14.0/STM32CubeIDE/plugins/com.st.stm32cube.ide.mcu.externaltools.gnu-tools-for-stm32.11.3.rel1.win32_1.1.100.202309141235/tools/bin/../lib/gcc/arm-none-eabi/11.3.1/../../../../arm-none-eabi/lib/thumb/v7e-m+fp/hard\libc_nano.a(libc_a-memset.o)
                              C:/ST/STM32CubeIDE_1.14.0/STM32CubeIDE/plugins/com.st.stm32cube.ide.mcu.externaltools.gnu-tools-for-stm32.11.3.rel1.win32_1.1.100.202309141235/tools/bin/../lib/gcc/arm-none-eabi/11.3.1/../../../../arm-none-eabi/lib/thumb/v7e-m+fp/hard/crt0.o (memset)
C:/ST/STM32CubeIDE_1.14.0/STM32CubeIDE/plugins/com.st.stm32cube.ide.mcu.externaltools.gnu-tools-for-stm32.11.3.rel1.win32_1.1.100.202309141235/tools/bin/../lib/gcc/arm-none-eabi/11.3.1/../../../../arm-none-eabi/lib/thumb/v7e-m+fp/hard\libc_nano.a(libc_a-closer.o)
                              C:/ST/STM32CubeIDE_1.14.0/STM32CubeIDE/plugins/com.st.stm32cube.ide.mcu.externaltools.gnu-tools-for-stm32.11.3.rel1.win32_1.1.100.202309141235/tools/bin/../lib/gcc/arm-none-eabi/11.3.1/../../../../arm-none-eabi/lib/thumb/v7e-m+fp/hard\libc_nano.a(libc_a-stdio.o) (_close_r)
C:/ST/STM32CubeIDE_1.14.0/STM32CubeIDE/plugins/com.st.stm32cube.ide.mcu.externaltools.gnu-tools-for-stm32.11.3.rel1.win32_1.1.100.202309141235/tools/bin/../lib/gcc/arm-none-eabi/11.3.1/../../../../arm-none-eabi/lib/thumb/v7e-m+fp/hard\libc_nano.a(libc_a-reent.o)
                              C:/ST/STM32CubeIDE_1.14.0/STM32CubeIDE/plugins/com.st.stm32cube.ide.mcu.externaltools.gnu-tools-for-stm32.11.3.rel1.win32_1.1.100.202309141235/tools/bin/../lib/gcc/arm-none-eabi/11.3.1/../../../../arm-none-eabi/lib/thumb/v7e-m+fp/hard\libc_nano.a(libc_a-closer.o) (errno)
C:/ST/STM32CubeIDE_1.14.0/STM32CubeIDE/plugins/com.st.stm32cube.ide.mcu.externaltools.gnu-tools-for-stm32.11.3.rel1.win32_1.1.100.202309141235/tools/bin/../lib/gcc/arm-none-eabi/11.3.1/../../../../arm-none-eabi/lib/thumb/v7e-m+fp/hard\libc_nano.a(libc_a-impure.o)
                              C:/ST/STM32CubeIDE_1.14.0/STM32CubeIDE/plugins/com.st.stm32cube.ide.mcu.externaltools.gnu-tools-for-stm32.11.3.rel1.win32_1.1.100.202309141235/tools/bin/../lib/gcc/arm-none-eabi/11.3.1/../../../../arm-none-eabi/lib/thumb/v7e-m+fp/hard\libc_nano.a(libc_a-sprintf.o) (_impure_ptr)
[...]
Memory Configuration

Name             Origin             Length             Attributes
FLASH            0x0000000008000000 0x0000000000200000 xr
RAM              0x0000000020000000 0x0000000000050000 xrw
CCMRAM           0x0000000010000000 0x0000000000010000 rw
*default*        0x0000000000000000 0xffffffffffffffff

Linker script and memory map

LOAD C:/ST/STM32CubeIDE_1.14.0/STM32CubeIDE/plugins/com.st.stm32cube.ide.mcu.externaltools.gnu-tools-for-stm32.11.3.rel1.win32_1.1.100.202309141235/tools/bin/../lib/gcc/arm-none-eabi/11.3.1/thumb/v7e-m+fp/hard/crti.o
LOAD C:/ST/STM32CubeIDE_1.14.0/STM32CubeIDE/plugins/com.st.stm32cube.ide.mcu.externaltools.gnu-tools-for-stm32.11.3.rel1.win32_1.1.100.202309141235/tools/bin/../lib/gcc/arm-none-eabi/11.3.1/thumb/v7e-m+fp/hard/crtbegin.o
LOAD C:/ST/STM32CubeIDE_1.14.0/STM32CubeIDE/plugins/com.st.stm32cube.ide.mcu.externaltools.gnu-tools-for-stm32.11.3.rel1.win32_1.1.100.202309141235/tools/bin/../lib/gcc/arm-none-eabi/11.3.1/../../../../arm-none-eabi/lib/thumb/v7e-m+fp/hard/crt0.o
LOAD ./Drivers/BSP/Components/nt35510.o
LOAD ./Drivers/BSP/Components/otm8009a.o
LOAD ./Drivers/BSP/STM32469I-Discovery/stm32469i_discovery.o
LOAD ./Drivers/BSP/STM32469I-Discovery/stm32469i_discovery_lcd.o
LOAD ./Drivers/BSP/STM32469I-Discovery/stm32469i_discovery_qspi.o
LOAD ./Drivers/BSP/STM32469I-Discovery/stm32469i_discovery_sdram.o
LOAD ./Drivers/CMSIS/system_stm32f4xx.o
LOAD ./Drivers/STM32F4xx_HAL_Driver/stm32f4xx_hal.o
LOAD ./Drivers/STM32F4xx_HAL_Driver/stm32f4xx_hal_cortex.o
LOAD ./Drivers/STM32F4xx_HAL_Driver/stm32f4xx_hal_dma.o
LOAD ./Drivers/STM32F4xx_HAL_Driver/stm32f4xx_hal_dma2d.o
LOAD ./Drivers/STM32F4xx_HAL_Driver/stm32f4xx_hal_dsi.o
LOAD ./Drivers/STM32F4xx_HAL_Driver/stm32f4xx_hal_gpio.o
LOAD ./Drivers/STM32F4xx_HAL_Driver/stm32f4xx_hal_i2c.o
LOAD ./Drivers/STM32F4xx_HAL_Driver/stm32f4xx_hal_i2c_ex.o
LOAD ./Drivers/STM32F4xx_HAL_Driver/stm32f4xx_hal_ltdc.o
LOAD ./Drivers/STM32F4xx_HAL_Driver/stm32f4xx_hal_ltdc_ex.o
LOAD ./Drivers/STM32F4xx_HAL_Driver/stm32f4xx_hal_pwr.o
LOAD ./Drivers/STM32F4xx_HAL_Driver/stm32f4xx_hal_pwr_ex.o
LOAD ./Drivers/STM32F4xx_HAL_Driver/stm32f4xx_hal_qspi.o
LOAD ./Drivers/STM32F4xx_HAL_Driver/stm32f4xx_hal_rcc.o
LOAD ./Drivers/STM32F4xx_HAL_Driver/stm32f4xx_hal_rcc_ex.o
LOAD ./Drivers/STM32F4xx_HAL_Driver/stm32f4xx_hal_sdram.o
LOAD ./Drivers/STM32F4xx_HAL_Driver/stm32f4xx_hal_sram.o
LOAD ./Drivers/STM32F4xx_HAL_Driver/stm32f4xx_hal_uart.o
LOAD ./Drivers/STM32F4xx_HAL_Driver/stm32f4xx_ll_fmc.o
LOAD ./Example/Startup/startup_stm32f469nihx.o
LOAD ./Example/User/main.o
LOAD ./Example/User/stm32f4xx_hal_msp.o
LOAD ./Example/User/stm32f4xx_it.o
LOAD ./Example/User/syscalls.o
LOAD ./Example/User/sysmem.o
START GROUP
LOAD C:/ST/STM32CubeIDE_1.14.0/STM32CubeIDE/plugins/com.st.stm32cube.ide.mcu.externaltools.gnu-tools-for-stm32.11.3.rel1.win32_1.1.100.202309141235/tools/bin/../lib/gcc/arm-none-eabi/11.3.1/../../../../arm-none-eabi/lib/thumb/v7e-m+fp/hard\libc_nano.a
LOAD C:/ST/STM32CubeIDE_1.14.0/STM32CubeIDE/plugins/com.st.stm32cube.ide.mcu.externaltools.gnu-tools-for-stm32.11.3.rel1.win32_1.1.100.202309141235/tools/bin/../lib/gcc/arm-none-eabi/11.3.1/../../../../arm-none-eabi/lib/thumb/v7e-m+fp/hard\libm.a
END GROUP
START GROUP
LOAD C:/ST/STM32CubeIDE_1.14.0/STM32CubeIDE/plugins/com.st.stm32cube.ide.mcu.externaltools.gnu-tools-for-stm32.11.3.rel1.win32_1.1.100.202309141235/tools/bin/../lib/gcc/arm-none-eabi/11.3.1/thumb/v7e-m+fp/hard\libgcc.a
LOAD C:/ST/STM32CubeIDE_1.14.0/STM32CubeIDE/plugins/com.st.stm32cube.ide.mcu.externaltools.gnu-tools-for-stm32.11.3.rel1.win32_1.1.100.202309141235/tools/bin/../lib/gcc/arm-none-eabi/11.3.1/../../../../arm-none-eabi/lib/thumb/v7e-m+fp/hard\libc_nano.a
END GROUP
START GROUP
LOAD C:/ST/STM32CubeIDE_1.14.0/STM32CubeIDE/plugins/com.st.stm32cube.ide.mcu.externaltools.gnu-tools-for-stm32.11.3.rel1.win32_1.1.100.202309141235/tools/bin/../lib/gcc/arm-none-eabi/11.3.1/thumb/v7e-m+fp/hard\libgcc.a
LOAD C:/ST/STM32CubeIDE_1.14.0/STM32CubeIDE/plugins/com.st.stm32cube.ide.mcu.externaltools.gnu-tools-for-stm32.11.3.rel1.win32_1.1.100.202309141235/tools/bin/../lib/gcc/arm-none-eabi/11.3.1/../../../../arm-none-eabi/lib/thumb/v7e-m+fp/hard\libc_nano.a
LOAD C:/ST/STM32CubeIDE_1.14.0/STM32CubeIDE/plugins/com.st.stm32cube.ide.mcu.externaltools.gnu-tools-for-stm32.11.3.rel1.win32_1.1.100.202309141235/tools/bin/../lib/gcc/arm-none-eabi/11.3.1/../../../../arm-none-eabi/lib/thumb/v7e-m+fp/hard\libnosys.a
END GROUP
START GROUP
LOAD C:/ST/STM32CubeIDE_1.14.0/STM32CubeIDE/plugins/com.st.stm32cube.ide.mcu.externaltools.gnu-tools-for-stm32.11.3.rel1.win32_1.1.100.202309141235/tools/bin/../lib/gcc/arm-none-eabi/11.3.1/thumb/v7e-m+fp/hard\libgcc.a
LOAD C:/ST/STM32CubeIDE_1.14.0/STM32CubeIDE/plugins/com.st.stm32cube.ide.mcu.externaltools.gnu-tools-for-stm32.11.3.rel1.win32_1.1.100.202309141235/tools/bin/../lib/gcc/arm-none-eabi/11.3.1/../../../../arm-none-eabi/lib/thumb/v7e-m+fp/hard\libc_nano.a
LOAD C:/ST/STM32CubeIDE_1.14.0/STM32CubeIDE/plugins/com.st.stm32cube.ide.mcu.externaltools.gnu-tools-for-stm32.11.3.rel1.win32_1.1.100.202309141235/tools/bin/../lib/gcc/arm-none-eabi/11.3.1/../../../../arm-none-eabi/lib/thumb/v7e-m+fp/hard\libnosys.a
END GROUP
LOAD C:/ST/STM32CubeIDE_1.14.0/STM32CubeIDE/plugins/com.st.stm32cube.ide.mcu.externaltools.gnu-tools-for-stm32.11.3.rel1.win32_1.1.100.202309141235/tools/bin/../lib/gcc/arm-none-eabi/11.3.1/thumb/v7e-m+fp/hard/crtend.o
LOAD C:/ST/STM32CubeIDE_1.14.0/STM32CubeIDE/plugins/com.st.stm32cube.ide.mcu.externaltools.gnu-tools-for-stm32.11.3.rel1.win32_1.1.100.202309141235/tools/bin/../lib/gcc/arm-none-eabi/11.3.1/thumb/v7e-m+fp/hard/crtn.o
                0x0000000020050000                _estack = 0x20050000
                0x0000000000000200                _Min_Heap_Size = 0x200
                0x0000000000000400                _Min_Stack_Size = 0x400

.isr_vector     0x0000000008000000      0x1b4
                0x0000000008000000                . = ALIGN (0x4)
 *(.isr_vector)
 .isr_vector    0x0000000008000000      0x1b4 ./Example/Startup/startup_stm32f469nihx.o
                0x0000000008000000                g_pfnVectors
                0x00000000080001b4                . = ALIGN (0x4)

.text           0x00000000080001c0     0x58f8
                0x00000000080001c0                . = ALIGN (0x4)
 *(.text)
 .text          0x00000000080001c0       0x40 C:/ST/STM32CubeIDE_1.14.0/STM32CubeIDE/plugins/com.st.stm32cube.ide.mcu.externaltools.gnu-tools-for-stm32.11.3.rel1.win32_1.1.100.202309141235/tools/bin/../lib/gcc/arm-none-eabi/11.3.1/thumb/v7e-m+fp/hard/crtbegin.o
 .text          0x0000000008000200       0xa0 C:/ST/STM32CubeIDE_1.14.0/STM32CubeIDE/plugins/com.st.stm32cube.ide.mcu.externaltools.gnu-tools-for-stm32.11.3.rel1.win32_1.1.100.202309141235/tools/bin/../lib/gcc/arm-none-eabi/11.3.1/../../../../arm-none-eabi/lib/thumb/v7e-m+fp/hard\libc_nano.a(libc_a-memchr.o)
                0x0000000008000200                memchr
 .text          0x00000000080002a0       0x30 C:/ST/STM32CubeIDE_1.14.0/STM32CubeIDE/plugins/com.st.stm32cube.ide.mcu.externaltools.gnu-tools-for-stm32.11.3.rel1.win32_1.1.100.202309141235/tools/bin/../lib/gcc/arm-none-eabi/11.3.1/thumb/v7e-m+fp/hard\libgcc.a(_aeabi_uldivmod.o)
                0x00000000080002a0                __aeabi_uldivmod
 .text          0x00000000080002d0      0x2c8 C:/ST/STM32CubeIDE_1.14.0/STM32CubeIDE/plugins/com.st.stm32cube.ide.mcu.externaltools.gnu-tools-for-stm32.11.3.rel1.win32_1.1.100.202309141235/tools/bin/../lib/gcc/arm-none-eabi/11.3.1/thumb/v7e-m+fp/hard\libgcc.a(_udivmoddi4.o)
                0x00000000080002d0                __udivmoddi4
 .text          0x0000000008000598        0x4 C:/ST/STM32CubeIDE_1.14.0/STM32CubeIDE/plugins/com.st.stm32cube.ide.mcu.externaltools.gnu-tools-for-stm32.11.3.rel1.win32_1.1.100.202309141235/tools/bin/../lib/gcc/arm-none-eabi/11.3.1/thumb/v7e-m+fp/hard\libgcc.a(_dvmd_tls.o)
                0x0000000008000598                __aeabi_idiv0
                0x0000000008000598                __aeabi_ldiv0
 *(.text*)
 .text.NT35510_Init
                0x000000000800059c      0x3f0 ./Drivers/BSP/Components/nt35510.o
                0x000000000800059c                NT35510_Init
 .text.BSP_LED_On
                0x000000000800098c       0x3c ./Drivers/BSP/STM32469I-Discovery/stm32469i_discovery.o
                0x000000000800098c                BSP_LED_On
 .text.NT35510_IO_Delay
                0x00000000080009c8       0x16 ./Drivers/BSP/STM32469I-Discovery/stm32469i_discovery.o
                0x00000000080009c8                NT35510_IO_Delay
 *fill*         0x00000000080009de        0x2 
 .text.BSP_LCD_Reset
                0x00000000080009e0       0x6c ./Drivers/BSP/STM32469I-Discovery/stm32469i_discovery_lcd.o
                0x00000000080009e0                BSP_LCD_Reset
 .text.BSP_LCD_GetXSize
                0x0000000008000a4c       0x18 ./Drivers/BSP/STM32469I-Discovery/stm32469i_discovery_lcd.o
                0x0000000008000a4c                BSP_LCD_GetXSize
 .text.BSP_LCD_GetYSize
                0x0000000008000a64       0x18 ./Drivers/BSP/STM32469I-Discovery/stm32469i_discovery_lcd.o
                0x0000000008000a64                BSP_LCD_GetYSize
 .text.BSP_LCD_LayerDefaultInit
                0x0000000008000a7c       0xc0 ./Drivers/BSP/STM32469I-Discovery/stm32469i_discovery_lcd.o
                0x0000000008000a7c                BSP_LCD_LayerDefaultInit
 .text.BSP_LCD_SelectLayer
                0x0000000008000b3c       0x20 ./Drivers/BSP/STM32469I-Discovery/stm32469i_discovery_lcd.o
                0x0000000008000b3c                BSP_LCD_SelectLayer
 .text.BSP_LCD_SetTextColor
                0x0000000008000b5c       0x30 ./Drivers/BSP/STM32469I-Discovery/stm32469i_discovery_lcd.o
                0x0000000008000b5c                BSP_LCD_SetTextColor
 .text.BSP_LCD_SetBackColor
                0x0000000008000b8c       0x34 ./Drivers/BSP/STM32469I-Discovery/stm32469i_discovery_lcd.o
                0x0000000008000b8c                BSP_LCD_SetBackColor
 .text.BSP_LCD_SetFont
                0x0000000008000bc0       0x34 ./Drivers/BSP/STM32469I-Discovery/stm32469i_discovery_lcd.o
                0x0000000008000bc0                BSP_LCD_SetFont
 .text.BSP_LCD_GetFont
                0x0000000008000bf4       0x2c ./Drivers/BSP/STM32469I-Discovery/stm32469i_discovery_lcd.o
                0x0000000008000bf4                BSP_LCD_GetFont
 .text.BSP_LCD_DisplayChar
                0x0000000008000c20       0x88 ./Drivers/BSP/STM32469I-Discovery/stm32469i_discovery_lcd.o
                0x0000000008000c20                BSP_LCD_DisplayChar
 .text.BSP_LCD_DisplayStringAt
                0x0000000008000ca8      0x190 ./Drivers/BSP/STM32469I-Discovery/stm32469i_discovery_lcd.o
                0x0000000008000ca8                BSP_LCD_DisplayStringAt
 .text.BSP_LCD_DisplayStringAtLine
                0x0000000008000e38       0x2e ./Drivers/BSP/STM32469I-Discovery/stm32469i_discovery_lcd.o
                0x0000000008000e38                BSP_LCD_DisplayStringAtLine
 *fill*         0x0000000008000e66        0x2 
 .text.BSP_LCD_FillRect
                0x0000000008000e68       0xb4 ./Drivers/BSP/STM32469I-Discovery/stm32469i_discovery_lcd.o
                0x0000000008000e68                BSP_LCD_FillRect
 .text.DSI_IO_WriteCmd
                0x0000000008000f1c       0x54 ./Drivers/BSP/STM32469I-Discovery/stm32469i_discovery_lcd.o
                0x0000000008000f1c                DSI_IO_WriteCmd
 .text.BSP_LCD_MspInit
                0x0000000008000f70       0xe0 ./Drivers/BSP/STM32469I-Discovery/stm32469i_discovery_lcd.o
                0x0000000008000f70                BSP_LCD_MspInit
 .text.BSP_LCD_DrawPixel
                0x0000000008001050       0x4c ./Drivers/BSP/STM32469I-Discovery/stm32469i_discovery_lcd.o
                0x0000000008001050                BSP_LCD_DrawPixel
 .text.DrawChar
                0x000000000800109c      0x170 ./Drivers/BSP/STM32469I-Discovery/stm32469i_discovery_lcd.o
 .text.LL_FillBuffer
                0x000000000800120c       0x70 ./Drivers/BSP/STM32469I-Discovery/stm32469i_discovery_lcd.o
 .text.BSP_SDRAM_Init
                0x000000000800127c       0xbc ./Drivers/BSP/STM32469I-Discovery/stm32469i_discovery_sdram.o
                0x000000000800127c                BSP_SDRAM_Init
 .text.BSP_SDRAM_Initialization_sequence
                0x0000000008001338       0xc0 ./Drivers/BSP/STM32469I-Discovery/stm32469i_discovery_sdram.o
                0x0000000008001338                BSP_SDRAM_Initialization_sequence
 .text.BSP_SDRAM_MspInit
                0x00000000080013f8      0x24c ./Drivers/BSP/STM32469I-Discovery/stm32469i_discovery_sdram.o
                0x00000000080013f8                BSP_SDRAM_MspInit
 .text.SystemInit
                0x0000000008001644       0x6c ./Drivers/CMSIS/system_stm32f4xx.o
                0x0000000008001644                SystemInit
 .text.HAL_Init
                0x00000000080016b0       0x44 ./Drivers/STM32F4xx_HAL_Driver/stm32f4xx_hal.o
                0x00000000080016b0                HAL_Init
 .text.HAL_MspInit
                0x00000000080016f4        0xe ./Drivers/STM32F4xx_HAL_Driver/stm32f4xx_hal.o
                0x00000000080016f4                HAL_MspInit
 *fill*         0x0000000008001702        0x2 
 .text.HAL_InitTick
                0x0000000008001704       0x60 ./Drivers/STM32F4xx_HAL_Driver/stm32f4xx_hal.o
                0x0000000008001704                HAL_InitTick
 .text.HAL_IncTick
                0x0000000008001764       0x28 ./Drivers/STM32F4xx_HAL_Driver/stm32f4xx_hal.o
                0x0000000008001764                HAL_IncTick
 .text.HAL_GetTick
                0x000000000800178c       0x18 ./Drivers/STM32F4xx_HAL_Driver/stm32f4xx_hal.o
                0x000000000800178c                HAL_GetTick
 .text.HAL_Delay
                0x00000000080017a4       0x48 ./Drivers/STM32F4xx_HAL_Driver/stm32f4xx_hal.o
                0x00000000080017a4                HAL_Delay
 .text.__NVIC_SetPriorityGrouping
                0x00000000080017ec       0x48 ./Drivers/STM32F4xx_HAL_Driver/stm32f4xx_hal_cortex.o
 .text.__NVIC_GetPriorityGrouping
                0x0000000008001834       0x1c ./Drivers/STM32F4xx_HAL_Driver/stm32f4xx_hal_cortex.o
 .text.__NVIC_EnableIRQ
                0x0000000008001850       0x3c ./Drivers/STM32F4xx_HAL_Driver/stm32f4xx_hal_cortex.o
 .text.__NVIC_SetPriority
                0x000000000800188c       0x54 ./Drivers/STM32F4xx_HAL_Driver/stm32f4xx_hal_cortex.o
 .text.NVIC_EncodePriority
                0x00000000080018e0       0x66 ./Drivers/STM32F4xx_HAL_Driver/stm32f4xx_hal_cortex.o
 *fill*         0x0000000008001946        0x2 
 .text.SysTick_Config
                0x0000000008001948       0x44 ./Drivers/STM32F4xx_HAL_Driver/stm32f4xx_hal_cortex.o
 .text.HAL_NVIC_SetPriorityGrouping
                0x000000000800198c       0x16 ./Drivers/STM32F4xx_HAL_Driver/stm32f4xx_hal_cortex.o
                0x000000000800198c                HAL_NVIC_SetPriorityGrouping
 .text.HAL_NVIC_SetPriority
                0x00000000080019a2       0x38 ./Drivers/STM32F4xx_HAL_Driver/stm32f4xx_hal_cortex.o
                0x00000000080019a2                HAL_NVIC_SetPriority
 .text.HAL_NVIC_EnableIRQ
                0x00000000080019da       0x1c ./Drivers/STM32F4xx_HAL_Driver/stm32f4xx_hal_cortex.o
                0x00000000080019da                HAL_NVIC_EnableIRQ
 .text.HAL_SYSTICK_Config
                0x00000000080019f6       0x18 ./Drivers/STM32F4xx_HAL_Driver/stm32f4xx_hal_cortex.o
                0x00000000080019f6                HAL_SYSTICK_Config
 *fill*         0x0000000008001a0e        0x2 
 .text.HAL_DMA_Init
                0x0000000008001a10      0x15c ./Drivers/STM32F4xx_HAL_Driver/stm32f4xx_hal_dma.o
                0x0000000008001a10                HAL_DMA_Init
 .text.HAL_DMA_DeInit
                0x0000000008001b6c       0xbc ./Drivers/STM32F4xx_HAL_Driver/stm32f4xx_hal_dma.o
                0x0000000008001b6c                HAL_DMA_DeInit
 .text.DMA_CalcBaseAndBitshift
                0x0000000008001c28       0x6c ./Drivers/STM32F4xx_HAL_Driver/stm32f4xx_hal_dma.o
 .text.DMA_CheckFifoParam
                0x0000000008001c94       0xf8 ./Drivers/STM32F4xx_HAL_Driver/stm32f4xx_hal_dma.o
 .text.HAL_DMA2D_Init
                0x0000000008001d8c       0x92 ./Drivers/STM32F4xx_HAL_Driver/stm32f4xx_hal_dma2d.o
                0x0000000008001d8c                HAL_DMA2D_Init
 .text.HAL_DMA2D_MspInit
                0x0000000008001e1e       0x14 ./Drivers/STM32F4xx_HAL_Driver/stm32f4xx_hal_dma2d.o
                0x0000000008001e1e                HAL_DMA2D_MspInit
 .text.HAL_DMA2D_Start
                0x0000000008001e32       0x56 ./Drivers/STM32F4xx_HAL_Driver/stm32f4xx_hal_dma2d.o
                0x0000000008001e32                HAL_DMA2D_Start
 .text.HAL_DMA2D_PollForTransfer
                0x0000000008001e88      0x1d2 ./Drivers/STM32F4xx_HAL_Driver/stm32f4xx_hal_dma2d.o
                0x0000000008001e88                HAL_DMA2D_PollForTransfer
 *fill*         0x000000000800205a        0x2 
 .text.HAL_DMA2D_ConfigLayer
                0x000000000800205c      0x124 ./Drivers/STM32F4xx_HAL_Driver/stm32f4xx_hal_dma2d.o
                0x000000000800205c                HAL_DMA2D_ConfigLayer
 .text.DMA2D_SetConfig
                0x0000000008002180      0x138 ./Drivers/STM32F4xx_HAL_Driver/stm32f4xx_hal_dma2d.o
 .text.DSI_ConfigPacketHeader
                0x00000000080022b8       0x32 ./Drivers/STM32F4xx_HAL_Driver/stm32f4xx_hal_dsi.o
 .text.DSI_ShortWrite
                0x00000000080022ea       0x5e ./Drivers/STM32F4xx_HAL_Driver/stm32f4xx_hal_dsi.o
 .text.HAL_DSI_Init
                0x0000000008002348      0x238 ./Drivers/STM32F4xx_HAL_Driver/stm32f4xx_hal_dsi.o
                0x0000000008002348                HAL_DSI_Init
 .text.HAL_DSI_DeInit
                0x0000000008002580       0xe8 ./Drivers/STM32F4xx_HAL_Driver/stm32f4xx_hal_dsi.o
                0x0000000008002580                HAL_DSI_DeInit
 .text.HAL_DSI_MspInit
                0x0000000008002668       0x14 ./Drivers/STM32F4xx_HAL_Driver/stm32f4xx_hal_dsi.o
                0x0000000008002668                HAL_DSI_MspInit
 .text.HAL_DSI_MspDeInit
                0x000000000800267c       0x14 ./Drivers/STM32F4xx_HAL_Driver/stm32f4xx_hal_dsi.o
                0x000000000800267c                HAL_DSI_MspDeInit
 .text.HAL_DSI_IRQHandler
                0x0000000008002690      0x192 ./Drivers/STM32F4xx_HAL_Driver/stm32f4xx_hal_dsi.o
                0x0000000008002690                HAL_DSI_IRQHandler
 .text.HAL_DSI_TearingEffectCallback
                0x0000000008002822       0x14 ./Drivers/STM32F4xx_HAL_Driver/stm32f4xx_hal_dsi.o
                0x0000000008002822                HAL_DSI_TearingEffectCallback
 .text.HAL_DSI_ErrorCallback
                0x0000000008002836       0x14 ./Drivers/STM32F4xx_HAL_Driver/stm32f4xx_hal_dsi.o
                0x0000000008002836                HAL_DSI_ErrorCallback
 .text.HAL_DSI_ConfigAdaptedCommandMode
                0x000000000800284a      0x1ae ./Drivers/STM32F4xx_HAL_Driver/stm32f4xx_hal_dsi.o
                0x000000000800284a                HAL_DSI_ConfigAdaptedCommandMode
 .text.HAL_DSI_ConfigCommand
                0x00000000080029f8       0xbc ./Drivers/STM32F4xx_HAL_Driver/stm32f4xx_hal_dsi.o
                0x00000000080029f8                HAL_DSI_ConfigCommand
 .text.HAL_DSI_ConfigFlowControl
                0x0000000008002ab4       0x50 ./Drivers/STM32F4xx_HAL_Driver/stm32f4xx_hal_dsi.o
                0x0000000008002ab4                HAL_DSI_ConfigFlowControl
 .text.HAL_DSI_ConfigPhyTimer
                0x0000000008002b04       0xd4 ./Drivers/STM32F4xx_HAL_Driver/stm32f4xx_hal_dsi.o
                0x0000000008002b04                HAL_DSI_ConfigPhyTimer
 .text.HAL_DSI_Start
                0x0000000008002bd8       0x78 ./Drivers/STM32F4xx_HAL_Driver/stm32f4xx_hal_dsi.o
                0x0000000008002bd8                HAL_DSI_Start
 .text.HAL_DSI_Refresh
                0x0000000008002c50       0x42 ./Drivers/STM32F4xx_HAL_Driver/stm32f4xx_hal_dsi.o
                0x0000000008002c50                HAL_DSI_Refresh
 .text.HAL_DSI_ShortWrite
                0x0000000008002c92       0x44 ./Drivers/STM32F4xx_HAL_Driver/stm32f4xx_hal_dsi.o
                0x0000000008002c92                HAL_DSI_ShortWrite
 .text.HAL_DSI_LongWrite
                0x0000000008002cd6      0x130 ./Drivers/STM32F4xx_HAL_Driver/stm32f4xx_hal_dsi.o
                0x0000000008002cd6                HAL_DSI_LongWrite
 *fill*         0x0000000008002e06        0x2 
 .text.HAL_GPIO_Init
                0x0000000008002e08      0x358 ./Drivers/STM32F4xx_HAL_Driver/stm32f4xx_hal_gpio.o
                0x0000000008002e08                HAL_GPIO_Init
 .text.HAL_GPIO_WritePin
                0x0000000008003160       0x32 ./Drivers/STM32F4xx_HAL_Driver/stm32f4xx_hal_gpio.o
                0x0000000008003160                HAL_GPIO_WritePin
 *fill*         0x0000000008003192        0x2 
 .text.HAL_LTDC_Init
                0x0000000008003194      0x1a0 ./Drivers/STM32F4xx_HAL_Driver/stm32f4xx_hal_ltdc.o
                0x0000000008003194                HAL_LTDC_Init
 .text.HAL_LTDC_DeInit
                0x0000000008003334       0xae ./Drivers/STM32F4xx_HAL_Driver/stm32f4xx_hal_ltdc.o
                0x0000000008003334                HAL_LTDC_DeInit
 .text.HAL_LTDC_MspInit
                0x00000000080033e2       0x14 ./Drivers/STM32F4xx_HAL_Driver/stm32f4xx_hal_ltdc.o
                0x00000000080033e2                HAL_LTDC_MspInit
 .text.HAL_LTDC_MspDeInit
                0x00000000080033f6       0x14 ./Drivers/STM32F4xx_HAL_Driver/stm32f4xx_hal_ltdc.o
                0x00000000080033f6                HAL_LTDC_MspDeInit
 .text.HAL_LTDC_IRQHandler
                0x000000000800340a      0x148 ./Drivers/STM32F4xx_HAL_Driver/stm32f4xx_hal_ltdc.o
                0x000000000800340a                HAL_LTDC_IRQHandler
 .text.HAL_LTDC_ErrorCallback
                0x0000000008003552       0x14 ./Drivers/STM32F4xx_HAL_Driver/stm32f4xx_hal_ltdc.o
                0x0000000008003552                HAL_LTDC_ErrorCallback
 .text.HAL_LTDC_LineEventCallback
                0x0000000008003566       0x14 ./Drivers/STM32F4xx_HAL_Driver/stm32f4xx_hal_ltdc.o
                0x0000000008003566                HAL_LTDC_LineEventCallback
 .text.HAL_LTDC_ReloadEventCallback
                0x000000000800357a       0x14 ./Drivers/STM32F4xx_HAL_Driver/stm32f4xx_hal_ltdc.o
                0x000000000800357a                HAL_LTDC_ReloadEventCallback
 .text.HAL_LTDC_ConfigLayer
                0x000000000800358e       0x7c ./Drivers/STM32F4xx_HAL_Driver/stm32f4xx_hal_ltdc.o
                0x000000000800358e                HAL_LTDC_ConfigLayer
 .text.LTDC_SetConfig
                0x000000000800360a      0x32e ./Drivers/STM32F4xx_HAL_Driver/stm32f4xx_hal_ltdc.o
 .text.HAL_PWREx_EnableOverDrive
                0x0000000008003938       0xa0 ./Drivers/STM32F4xx_HAL_Driver/stm32f4xx_hal_pwr_ex.o
                0x0000000008003938                HAL_PWREx_EnableOverDrive
 .text.HAL_RCC_ClockConfig
                0x00000000080039d8      0x1cc ./Drivers/STM32F4xx_HAL_Driver/stm32f4xx_hal_rcc.o
                0x00000000080039d8                HAL_RCC_ClockConfig
 .text.HAL_RCC_GetSysClockFreq
                0x0000000008003ba4      0x20c ./Drivers/STM32F4xx_HAL_Driver/stm32f4xx_hal_rcc.o
                0x0000000008003ba4                HAL_RCC_GetSysClockFreq
 .text.HAL_RCCEx_PeriphCLKConfig
                0x0000000008003db0      0x47c ./Drivers/STM32F4xx_HAL_Driver/stm32f4xx_hal_rcc_ex.o
                0x0000000008003db0                HAL_RCCEx_PeriphCLKConfig
 .text.HAL_RCC_OscConfig
                0x000000000800422c      0x508 ./Drivers/STM32F4xx_HAL_Driver/stm32f4xx_hal_rcc_ex.o
                0x000000000800422c                HAL_RCC_OscConfig
 .text.HAL_SDRAM_Init
                0x0000000008004734       0x68 ./Drivers/STM32F4xx_HAL_Driver/stm32f4xx_hal_sdram.o
                0x0000000008004734                HAL_SDRAM_Init
 .text.HAL_SDRAM_MspInit
                0x000000000800479c       0x14 ./Drivers/STM32F4xx_HAL_Driver/stm32f4xx_hal_sdram.o
                0x000000000800479c                HAL_SDRAM_MspInit
 .text.HAL_SDRAM_SendCommand
                0x00000000080047b0       0x6a ./Drivers/STM32F4xx_HAL_Driver/stm32f4xx_hal_sdram.o
                0x00000000080047b0                HAL_SDRAM_SendCommand
 .text.HAL_SDRAM_ProgramRefreshRate
                0x000000000800481a       0x50 ./Drivers/STM32F4xx_HAL_Driver/stm32f4xx_hal_sdram.o
                0x000000000800481a                HAL_SDRAM_ProgramRefreshRate
 .text.FMC_SDRAM_Init
                0x000000000800486a       0xba ./Drivers/STM32F4xx_HAL_Driver/stm32f4xx_ll_fmc.o
                0x000000000800486a                FMC_SDRAM_Init
 .text.FMC_SDRAM_Timing_Init
                0x0000000008004924       0xd2 ./Drivers/STM32F4xx_HAL_Driver/stm32f4xx_ll_fmc.o
                0x0000000008004924                FMC_SDRAM_Timing_Init
 .text.FMC_SDRAM_SendCommand
                0x00000000080049f6       0x7a ./Drivers/STM32F4xx_HAL_Driver/stm32f4xx_ll_fmc.o
                0x00000000080049f6                FMC_SDRAM_SendCommand
 .text.FMC_SDRAM_ProgramRefreshRate
                0x0000000008004a70       0x2e ./Drivers/STM32F4xx_HAL_Driver/stm32f4xx_ll_fmc.o
                0x0000000008004a70                FMC_SDRAM_ProgramRefreshRate
 *fill*         0x0000000008004a9e        0x2 
 .text.Reset_Handler
                0x0000000008004aa0       0x50 ./Example/Startup/startup_stm32f469nihx.o
                0x0000000008004aa0                Reset_Handler
 .text.Default_Handler
                0x0000000008004af0        0x2 ./Example/Startup/startup_stm32f469nihx.o
                0x0000000008004af0                RTC_Alarm_IRQHandler
                0x0000000008004af0                HASH_RNG_IRQHandler
                0x0000000008004af0                EXTI2_IRQHandler
                0x0000000008004af0                TIM8_CC_IRQHandler
                0x0000000008004af0                UART8_IRQHandler
                0x0000000008004af0                SPI4_IRQHandler
                0x0000000008004af0                TIM1_CC_IRQHandler
                0x0000000008004af0                DMA2_Stream5_IRQHandler
                0x0000000008004af0                DMA1_Stream5_IRQHandler
                0x0000000008004af0                PVD_IRQHandler
                0x0000000008004af0                SDIO_IRQHandler
                0x0000000008004af0                TAMP_STAMP_IRQHandler
                0x0000000008004af0                CAN2_RX1_IRQHandler
                0x0000000008004af0                EXTI3_IRQHandler
                0x0000000008004af0                TIM8_TRG_COM_TIM14_IRQHandler
                0x0000000008004af0                TIM1_UP_TIM10_IRQHandler
                0x0000000008004af0                TIM8_UP_TIM13_IRQHandler
                0x0000000008004af0                I2C3_ER_IRQHandler
                0x0000000008004af0                EXTI0_IRQHandler
                0x0000000008004af0                I2C2_EV_IRQHandler
                0x0000000008004af0                DMA1_Stream2_IRQHandler
                0x0000000008004af0                CAN1_RX0_IRQHandler
                0x0000000008004af0                FPU_IRQHandler
                0x0000000008004af0                OTG_HS_WKUP_IRQHandler
                0x0000000008004af0                LTDC_ER_IRQHandler
                0x0000000008004af0                CAN2_SCE_IRQHandler
                0x0000000008004af0                DMA2_Stream2_IRQHandler
                0x0000000008004af0                SPI1_IRQHandler
                0x0000000008004af0                TIM6_DAC_IRQHandler
                0x0000000008004af0                TIM1_BRK_TIM9_IRQHandler
                0x0000000008004af0                DCMI_IRQHandler
                0x0000000008004af0                CAN2_RX0_IRQHandler
                0x0000000008004af0                DMA2_Stream3_IRQHandler
                0x0000000008004af0                USART6_IRQHandler
                0x0000000008004af0                USART3_IRQHandler
                0x0000000008004af0                CAN1_RX1_IRQHandler
                0x0000000008004af0                UART5_IRQHandler
                0x0000000008004af0                DMA2_Stream0_IRQHandler
                0x0000000008004af0                TIM4_IRQHandler
                0x0000000008004af0                QUADSPI_IRQHandler
                0x0000000008004af0                I2C1_EV_IRQHandler
                0x0000000008004af0                DMA1_Stream6_IRQHandler
                0x0000000008004af0                DMA1_Stream1_IRQHandler
                0x0000000008004af0                UART4_IRQHandler
                0x0000000008004af0                TIM3_IRQHandler
                0x0000000008004af0                RCC_IRQHandler
                0x0000000008004af0                TIM8_BRK_TIM12_IRQHandler
                0x0000000008004af0                Default_Handler
                0x0000000008004af0                EXTI15_10_IRQHandler
                0x0000000008004af0                ADC_IRQHandler
                0x0000000008004af0                DMA1_Stream7_IRQHandler
                0x0000000008004af0                SPI5_IRQHandler
                0x0000000008004af0                TIM7_IRQHandler
                0x0000000008004af0                CAN2_TX_IRQHandler
                0x0000000008004af0                TIM5_IRQHandler
                0x0000000008004af0                DMA2_Stream7_IRQHandler
                0x0000000008004af0                I2C3_EV_IRQHandler
                0x0000000008004af0                EXTI9_5_IRQHandler
                0x0000000008004af0                RTC_WKUP_IRQHandler
                0x0000000008004af0                ETH_WKUP_IRQHandler
                0x0000000008004af0                SPI2_IRQHandler
                0x0000000008004af0                OTG_HS_EP1_IN_IRQHandler
                0x0000000008004af0                DMA1_Stream0_IRQHandler
                0x0000000008004af0                CAN1_TX_IRQHandler
                0x0000000008004af0                EXTI4_IRQHandler
                0x0000000008004af0                ETH_IRQHandler
                0x0000000008004af0                OTG_HS_EP1_OUT_IRQHandler
                0x0000000008004af0                WWDG_IRQHandler
                0x0000000008004af0                SPI6_IRQHandler
                0x0000000008004af0                TIM2_IRQHandler
                0x0000000008004af0                OTG_FS_WKUP_IRQHandler
                0x0000000008004af0                TIM1_TRG_COM_TIM11_IRQHandler
                0x0000000008004af0                OTG_HS_IRQHandler
                0x0000000008004af0                DMA2D_IRQHandler
                0x0000000008004af0                EXTI1_IRQHandler
                0x0000000008004af0                UART7_IRQHandler
                0x0000000008004af0                USART2_IRQHandler
                0x0000000008004af0                I2C2_ER_IRQHandler
                0x0000000008004af0                DMA2_Stream1_IRQHandler
                0x0000000008004af0                CAN1_SCE_IRQHandler
                0x0000000008004af0                FLASH_IRQHandler
                0x0000000008004af0                DMA2_Stream4_IRQHandler
                0x0000000008004af0                USART1_IRQHandler
                0x0000000008004af0                OTG_FS_IRQHandler
                0x0000000008004af0                SPI3_IRQHandler
                0x0000000008004af0                DMA1_Stream4_IRQHandler
                0x0000000008004af0                I2C1_ER_IRQHandler
                0x0000000008004af0                FMC_IRQHandler
                0x0000000008004af0                DMA2_Stream6_IRQHandler
                0x0000000008004af0                SAI1_IRQHandler
                0x0000000008004af0                DMA1_Stream3_IRQHandler
 .text.OnError_Handler
                0x0000000008004af2       0x1e ./Example/User/main.o
 .text.main     0x0000000008004b10       0x80 ./Example/User/main.o
                0x0000000008004b10                main
 .text.ReadTemperature
                0x0000000008004b90       0x38 ./Example/User/main.o
                0x0000000008004b90                ReadTemperature
 .text.HAL_DSI_EndOfRefreshCallback
                0x0000000008004bc8       0x28 ./Example/User/main.o
                0x0000000008004bc8                HAL_DSI_EndOfRefreshCallback
 .text.SystemClock_Config
                0x0000000008004bf0       0xe0 ./Example/User/main.o
 .text.LCD_Init
                0x0000000008004cd0      0x1c4 ./Example/User/main.o
 .text.LTDC_Init
                0x0000000008004e94       0x90 ./Example/User/main.o
                0x0000000008004e94                LTDC_Init
 .text.LCD_BriefDisplay
                0x0000000008004f24       0x9c ./Example/User/main.o
 .text.CopyBuffer
                0x0000000008004fc0       0xb8 ./Example/User/main.o
 .text.NMI_Handler
                0x0000000008005078        0xe ./Example/User/stm32f4xx_it.o
                0x0000000008005078                NMI_Handler
 .text.HardFault_Handler
                0x0000000008005086        0x6 ./Example/User/stm32f4xx_it.o
                0x0000000008005086                HardFault_Handler
 .text.MemManage_Handler
                0x000000000800508c        0x6 ./Example/User/stm32f4xx_it.o
                0x000000000800508c                MemManage_Handler
 .text.BusFault_Handler
                0x0000000008005092        0x6 ./Example/User/stm32f4xx_it.o
                0x0000000008005092                BusFault_Handler
 .text.UsageFault_Handler
                0x0000000008005098        0x6 ./Example/User/stm32f4xx_it.o
                0x0000000008005098                UsageFault_Handler
 .text.SVC_Handler
                0x000000000800509e        0xe ./Example/User/stm32f4xx_it.o
                0x000000000800509e                SVC_Handler
 .text.DebugMon_Handler
                0x00000000080050ac        0xe ./Example/User/stm32f4xx_it.o
                0x00000000080050ac                DebugMon_Handler
 .text.PendSV_Handler
                0x00000000080050ba        0xe ./Example/User/stm32f4xx_it.o
                0x00000000080050ba                PendSV_Handler
 .text.SysTick_Handler
                0x00000000080050c8        0xc ./Example/User/stm32f4xx_it.o
                0x00000000080050c8                SysTick_Handler
 .text.LTDC_IRQHandler
                0x00000000080050d4       0x14 ./Example/User/stm32f4xx_it.o
                0x00000000080050d4                LTDC_IRQHandler
 .text.DSI_IRQHandler
                0x00000000080050e8       0x14 ./Example/User/stm32f4xx_it.o
                0x00000000080050e8                DSI_IRQHandler
 .text._sbrk    0x00000000080050fc       0x6c ./Example/User/sysmem.o
                0x00000000080050fc                _sbrk
 .text.sprintf  0x0000000008005168       0x40 C:/ST/STM32CubeIDE_1.14.0/STM32CubeIDE/plugins/com.st.stm32cube.ide.mcu.externaltools.gnu-tools-for-stm32.11.3.rel1.win32_1.1.100.202309141235/tools/bin/../lib/gcc/arm-none-eabi/11.3.1/../../../../arm-none-eabi/lib/thumb/v7e-m+fp/hard\libc_nano.a(libc_a-sprintf.o)
                0x0000000008005168                siprintf
                0x0000000008005168                sprintf
 .text.__errno  0x00000000080051a8        0xc C:/ST/STM32CubeIDE_1.14.0/STM32CubeIDE/plugins/com.st.stm32cube.ide.mcu.externaltools.gnu-tools-for-stm32.11.3.rel1.win32_1.1.100.202309141235/tools/bin/../lib/gcc/arm-none-eabi/11.3.1/../../../../arm-none-eabi/lib/thumb/v7e-m+fp/hard\libc_nano.a(libc_a-errno.o)
                0x00000000080051a8                __errno
 .text.__libc_init_array
                0x00000000080051b4       0x48 C:/ST/STM32CubeIDE_1.14.0/STM32CubeIDE/plugins/com.st.stm32cube.ide.mcu.externaltools.gnu-tools-for-stm32.11.3.rel1.win32_1.1.100.202309141235/tools/bin/../lib/gcc/arm-none-eabi/11.3.1/../../../../arm-none-eabi/lib/thumb/v7e-m+fp/hard\libc_nano.a(libc_a-init.o)
                0x00000000080051b4                __libc_init_array
 .text.__retarget_lock_acquire_recursive
                0x00000000080051fc        0x2 C:/ST/STM32CubeIDE_1.14.0/STM32CubeIDE/plugins/com.st.stm32cube.ide.mcu.externaltools.gnu-tools-for-stm32.11.3.rel1.win32_1.1.100.202309141235/tools/bin/../lib/gcc/arm-none-eabi/11.3.1/../../../../arm-none-eabi/lib/thumb/v7e-m+fp/hard\libc_nano.a(libc_a-lock.o)
                0x00000000080051fc                __retarget_lock_acquire_recursive
 .text.__retarget_lock_release_recursive
                0x00000000080051fe        0x2 C:/ST/STM32CubeIDE_1.14.0/STM32CubeIDE/plugins/com.st.stm32cube.ide.mcu.externaltools.gnu-tools-for-stm32.11.3.rel1.win32_1.1.100.202309141235/tools/bin/../lib/gcc/arm-none-eabi/11.3.1/../../../../arm-none-eabi/lib/thumb/v7e-m+fp/hard\libc_nano.a(libc_a-lock.o)
                0x00000000080051fe                __retarget_lock_release_recursive
 .text._free_r  0x0000000008005200       0x98 C:/ST/STM32CubeIDE_1.14.0/STM32CubeIDE/plugins/com.st.stm32cube.ide.mcu.externaltools.gnu-tools-for-stm32.11.3.rel1.win32_1.1.100.202309141235/tools/bin/../lib/gcc/arm-none-eabi/11.3.1/../../../../arm-none-eabi/lib/thumb/v7e-m+fp/hard\libc_nano.a(libc_a-freer.o)
                0x0000000008005200                _free_r
 .text.sbrk_aligned
                0x0000000008005298       0x40 C:/ST/STM32CubeIDE_1.14.0/STM32CubeIDE/plugins/com.st.stm32cube.ide.mcu.externaltools.gnu-tools-for-stm32.11.3.rel1.win32_1.1.100.202309141235/tools/bin/../lib/gcc/arm-none-eabi/11.3.1/../../../../arm-none-eabi/lib/thumb/v7e-m+fp/hard\libc_nano.a(libc_a-mallocr.o)
 .text._malloc_r
                0x00000000080052d8      0x100 C:/ST/STM32CubeIDE_1.14.0/STM32CubeIDE/plugins/com.st.stm32cube.ide.mcu.externaltools.gnu-tools-for-stm32.11.3.rel1.win32_1.1.100.202309141235/tools/bin/../lib/gcc/arm-none-eabi/11.3.1/../../../../arm-none-eabi/lib/thumb/v7e-m+fp/hard\libc_nano.a(libc_a-mallocr.o)
                0x00000000080052d8                _malloc_r
 .text.__malloc_lock
                0x00000000080053d8        0xc C:/ST/STM32CubeIDE_1.14.0/STM32CubeIDE/plugins/com.st.stm32cube.ide.mcu.externaltools.gnu-tools-for-stm32.11.3.rel1.win32_1.1.100.202309141235/tools/bin/../lib/gcc/arm-none-eabi/11.3.1/../../../../arm-none-eabi/lib/thumb/v7e-m+fp/hard\libc_nano.a(libc_a-mlock.o)
                0x00000000080053d8                __malloc_lock
 .text.__malloc_unlock
                0x00000000080053e4        0xc C:/ST/STM32CubeIDE_1.14.0/STM32CubeIDE/plugins/com.st.stm32cube.ide.mcu.externaltools.gnu-tools-for-stm32.11.3.rel1.win32_1.1.100.202309141235/tools/bin/../lib/gcc/arm-none-eabi/11.3.1/../../../../arm-none-eabi/lib/thumb/v7e-m+fp/hard\libc_nano.a(libc_a-mlock.o)
                0x00000000080053e4                __malloc_unlock
 .text.__ssputs_r
                0x00000000080053f0       0xb4 C:/ST/STM32CubeIDE_1.14.0/STM32CubeIDE/plugins/com.st.stm32cube.ide.mcu.externaltools.gnu-tools-for-stm32.11.3.rel1.win32_1.1.100.202309141235/tools/bin/../lib/gcc/arm-none-eabi/11.3.1/../../../../arm-none-eabi/lib/thumb/v7e-m+fp/hard\libc_nano.a(libc_a-nano-svfprintf.o)
                0x00000000080053f0                __ssputs_r
 .text._svfprintf_r
                0x00000000080054a4      0x1fc C:/ST/STM32CubeIDE_1.14.0/STM32CubeIDE/plugins/com.st.stm32cube.ide.mcu.externaltools.gnu-tools-for-stm32.11.3.rel1.win32_1.1.100.202309141235/tools/bin/../lib/gcc/arm-none-eabi/11.3.1/../../../../arm-none-eabi/lib/thumb/v7e-m+fp/hard\libc_nano.a(libc_a-nano-svfprintf.o)
                0x00000000080054a4                _svfiprintf_r
                0x00000000080054a4                _svfprintf_r
 .text._printf_common
                0x00000000080056a0       0xda C:/ST/STM32CubeIDE_1.14.0/STM32CubeIDE/plugins/com.st.stm32cube.ide.mcu.externaltools.gnu-tools-for-stm32.11.3.rel1.win32_1.1.100.202309141235/tools/bin/../lib/gcc/arm-none-eabi/11.3.1/../../../../arm-none-eabi/lib/thumb/v7e-m+fp/hard\libc_nano.a(libc_a-nano-vfprintf_i.o)
                0x00000000080056a0                _printf_common
 *fill*         0x000000000800577a        0x2 
 .text._printf_i
                0x000000000800577c      0x244 C:/ST/STM32CubeIDE_1.14.0/STM32CubeIDE/plugins/com.st.stm32cube.ide.mcu.externaltools.gnu-tools-for-stm32.11.3.rel1.win32_1.1.100.202309141235/tools/bin/../lib/gcc/arm-none-eabi/11.3.1/../../../../arm-none-eabi/lib/thumb/v7e-m+fp/hard\libc_nano.a(libc_a-nano-vfprintf_i.o)
                0x000000000800577c                _printf_i
 .text.memmove  0x00000000080059c0       0x34 C:/ST/STM32CubeIDE_1.14.0/STM32CubeIDE/plugins/com.st.stm32cube.ide.mcu.externaltools.gnu-tools-for-stm32.11.3.rel1.win32_1.1.100.202309141235/tools/bin/../lib/gcc/arm-none-eabi/11.3.1/../../../../arm-none-eabi/lib/thumb/v7e-m+fp/hard\libc_nano.a(libc_a-memmove.o)
                0x00000000080059c0                memmove
 .text._sbrk_r  0x00000000080059f4       0x20 C:/ST/STM32CubeIDE_1.14.0/STM32CubeIDE/plugins/com.st.stm32cube.ide.mcu.externaltools.gnu-tools-for-stm32.11.3.rel1.win32_1.1.100.202309141235/tools/bin/../lib/gcc/arm-none-eabi/11.3.1/../../../../arm-none-eabi/lib/thumb/v7e-m+fp/hard\libc_nano.a(libc_a-sbrkr.o)
                0x00000000080059f4                _sbrk_r
 .text.memcpy   0x0000000008005a14       0x1c C:/ST/STM32CubeIDE_1.14.0/STM32CubeIDE/plugins/com.st.stm32cube.ide.mcu.externaltools.gnu-tools-for-stm32.11.3.rel1.win32_1.1.100.202309141235/tools/bin/../lib/gcc/arm-none-eabi/11.3.1/../../../../arm-none-eabi/lib/thumb/v7e-m+fp/hard\libc_nano.a(libc_a-memcpy-stub.o)
                0x0000000008005a14                memcpy
 .text._realloc_r
                0x0000000008005a30       0x5e C:/ST/STM32CubeIDE_1.14.0/STM32CubeIDE/plugins/com.st.stm32cube.ide.mcu.externaltools.gnu-tools-for-stm32.11.3.rel1.win32_1.1.100.202309141235/tools/bin/../lib/gcc/arm-none-eabi/11.3.1/../../../../arm-none-eabi/lib/thumb/v7e-m+fp/hard\libc_nano.a(libc_a-reallocr.o)
                0x0000000008005a30                _realloc_r
 .text._malloc_usable_size_r
                0x0000000008005a8e       0x10 C:/ST/STM32CubeIDE_1.14.0/STM32CubeIDE/plugins/com.st.stm32cube.ide.mcu.externaltools.gnu-tools-for-stm32.11.3.rel1.win32_1.1.100.202309141235/tools/bin/../lib/gcc/arm-none-eabi/11.3.1/../../../../arm-none-eabi/lib/thumb/v7e-m+fp/hard\libc_nano.a(libc_a-msizer.o)
                0x0000000008005a8e                _malloc_usable_size_r
 *(.glue_7)
 .glue_7        0x0000000008005a9e        0x0 linker stubs
 *(.glue_7t)
 .glue_7t       0x0000000008005a9e        0x0 linker stubs
 *(.eh_frame)
 *fill*         0x0000000008005a9e        0x2 
 .eh_frame      0x0000000008005aa0        0x0 C:/ST/STM32CubeIDE_1.14.0/STM32CubeIDE/plugins/com.st.stm32cube.ide.mcu.externaltools.gnu-tools-for-stm32.11.3.rel1.win32_1.1.100.202309141235/tools/bin/../lib/gcc/arm-none-eabi/11.3.1/thumb/v7e-m+fp/hard/crtbegin.o
 *(.init)
 .init          0x0000000008005aa0        0x4 C:/ST/STM32CubeIDE_1.14.0/STM32CubeIDE/plugins/com.st.stm32cube.ide.mcu.externaltools.gnu-tools-for-stm32.11.3.rel1.win32_1.1.100.202309141235/tools/bin/../lib/gcc/arm-none-eabi/11.3.1/thumb/v7e-m+fp/hard/crti.o
                0x0000000008005aa0                _init
 .init          0x0000000008005aa4        0x8 C:/ST/STM32CubeIDE_1.14.0/STM32CubeIDE/plugins/com.st.stm32cube.ide.mcu.externaltools.gnu-tools-for-stm32.11.3.rel1.win32_1.1.100.202309141235/tools/bin/../lib/gcc/arm-none-eabi/11.3.1/thumb/v7e-m+fp/hard/crtn.o
 *(.fini)
 .fini          0x0000000008005aac        0x4 C:/ST/STM32CubeIDE_1.14.0/STM32CubeIDE/plugins/com.st.stm32cube.ide.mcu.externaltools.gnu-tools-for-stm32.11.3.rel1.win32_1.1.100.202309141235/tools/bin/../lib/gcc/arm-none-eabi/11.3.1/thumb/v7e-m+fp/hard/crti.o
                0x0000000008005aac                _fini
 .fini          0x0000000008005ab0        0x8 C:/ST/STM32CubeIDE_1.14.0/STM32CubeIDE/plugins/com.st.stm32cube.ide.mcu.externaltools.gnu-tools-for-stm32.11.3.rel1.win32_1.1.100.202309141235/tools/bin/../lib/gcc/arm-none-eabi/11.3.1/thumb/v7e-m+fp/hard/crtn.o
                0x0000000008005ab8                . = ALIGN (0x4)
                0x0000000008005ab8                _etext = .

.vfp11_veneer   0x0000000008005ab8        0x0
 .vfp11_veneer  0x0000000008005ab8        0x0 linker stubs

.v4_bx          0x0000000008005ab8        0x0
 .v4_bx         0x0000000008005ab8        0x0 linker stubs

.iplt           0x0000000008005ab8        0x0
 .iplt          0x0000000008005ab8        0x0 C:/ST/STM32CubeIDE_1.14.0/STM32CubeIDE/plugins/com.st.stm32cube.ide.mcu.externaltools.gnu-tools-for-stm32.11.3.rel1.win32_1.1.100.202309141235/tools/bin/../lib/gcc/arm-none-eabi/11.3.1/thumb/v7e-m+fp/hard/crtbegin.o

.rodata         0x0000000008005ab8    0x4d7b0
                0x0000000008005ab8                . = ALIGN (0x4)
 *(.rodata)
 .rodata        0x0000000008005ab8       0x41 ./Drivers/BSP/Components/nt35510.o
 *fill*         0x0000000008005af9        0x3 
 .rodata        0x0000000008005afc       0x87 ./Example/User/main.o
 *(.rodata*)
 *fill*         0x0000000008005b83        0x1 
 .rodata.Font24_Table
                0x0000000008005b84     0x1ab8 ./Drivers/BSP/STM32469I-Discovery/stm32469i_discovery_lcd.o
                0x0000000008005b84                Font24_Table
 .rodata.Font16_Table
                0x000000000800763c      0xbe0 ./Drivers/BSP/STM32469I-Discovery/stm32469i_discovery_lcd.o
                0x000000000800763c                Font16_Table
 .rodata.AHBPrescTable
                0x000000000800821c       0x10 ./Drivers/CMSIS/system_stm32f4xx.o
                0x000000000800821c                AHBPrescTable
 .rodata.flagBitshiftOffset.0
                0x000000000800822c        0x8 ./Drivers/STM32F4xx_HAL_Driver/stm32f4xx_hal_dma.o
 .rodata.image_320x240_argb8888
                0x0000000008008234    0x4b000 ./Example/User/main.o
                0x0000000008008234                image_320x240_argb8888
 .rodata._svfprintf_r.str1.1
                0x0000000008053234       0x11 C:/ST/STM32CubeIDE_1.14.0/STM32CubeIDE/plugins/com.st.stm32cube.ide.mcu.externaltools.gnu-tools-for-stm32.11.3.rel1.win32_1.1.100.202309141235/tools/bin/../lib/gcc/arm-none-eabi/11.3.1/../../../../arm-none-eabi/lib/thumb/v7e-m+fp/hard\libc_nano.a(libc_a-nano-svfprintf.o)
 .rodata._printf_i.str1.1
                0x0000000008053245       0x22 C:/ST/STM32CubeIDE_1.14.0/STM32CubeIDE/plugins/com.st.stm32cube.ide.mcu.externaltools.gnu-tools-for-stm32.11.3.rel1.win32_1.1.100.202309141235/tools/bin/../lib/gcc/arm-none-eabi/11.3.1/../../../../arm-none-eabi/lib/thumb/v7e-m+fp/hard\libc_nano.a(libc_a-nano-vfprintf_i.o)
                0x0000000008053268                . = ALIGN (0x4)
 *fill*         0x0000000008053267        0x1 

.ARM.extab
 *(.ARM.extab* .gnu.linkonce.armextab.*)

.ARM            0x0000000008053268        0x8
                0x0000000008053268                __exidx_start = .
 *(.ARM.exidx*)
 .ARM.exidx     0x0000000008053268        0x8 C:/ST/STM32CubeIDE_1.14.0/STM32CubeIDE/plugins/com.st.stm32cube.ide.mcu.externaltools.gnu-tools-for-stm32.11.3.rel1.win32_1.1.100.202309141235/tools/bin/../lib/gcc/arm-none-eabi/11.3.1/thumb/v7e-m+fp/hard\libgcc.a(_udivmoddi4.o)
                0x0000000008053270                __exidx_end = .

.rel.dyn        0x0000000008053270        0x0
 .rel.iplt      0x0000000008053270        0x0 C:/ST/STM32CubeIDE_1.14.0/STM32CubeIDE/plugins/com.st.stm32cube.ide.mcu.externaltools.gnu-tools-for-stm32.11.3.rel1.win32_1.1.100.202309141235/tools/bin/../lib/gcc/arm-none-eabi/11.3.1/thumb/v7e-m+fp/hard/crtbegin.o

.preinit_array  0x0000000008053270        0x0
                0x0000000008053270                PROVIDE (__preinit_array_start = .)
 *(.preinit_array*)
                0x0000000008053270                PROVIDE (__preinit_array_end = .)

.init_array     0x0000000008053270        0x4
                0x0000000008053270                PROVIDE (__init_array_start = .)
 *(SORT_BY_NAME(.init_array.*))
 *(.init_array*)
 .init_array    0x0000000008053270        0x4 C:/ST/STM32CubeIDE_1.14.0/STM32CubeIDE/plugins/com.st.stm32cube.ide.mcu.externaltools.gnu-tools-for-stm32.11.3.rel1.win32_1.1.100.202309141235/tools/bin/../lib/gcc/arm-none-eabi/11.3.1/thumb/v7e-m+fp/hard/crtbegin.o
                0x0000000008053274                PROVIDE (__init_array_end = .)

.fini_array     0x0000000008053274        0x4
                [!provide]                        PROVIDE (__fini_array_start = .)
 *(SORT_BY_NAME(.fini_array.*))
 *(.fini_array*)
 .fini_array    0x0000000008053274        0x4 C:/ST/STM32CubeIDE_1.14.0/STM32CubeIDE/plugins/com.st.stm32cube.ide.mcu.externaltools.gnu-tools-for-stm32.11.3.rel1.win32_1.1.100.202309141235/tools/bin/../lib/gcc/arm-none-eabi/11.3.1/thumb/v7e-m+fp/hard/crtbegin.o
                [!provide]                        PROVIDE (__fini_array_end = .)
                0x0000000008053278                _sidata = LOADADDR (.data)

.data           0x0000000020000000       0x9c load address 0x0000000008053278
                0x0000000020000000                . = ALIGN (0x4)
                0x0000000020000000                _sdata = .
 *(.data)
 *(.data*)
 .data.GPIO_PIN
                0x0000000020000000       0x10 ./Drivers/BSP/STM32469I-Discovery/stm32469i_discovery.o
                0x0000000020000000                GPIO_PIN
 .data.GPIO_PORT
                0x0000000020000010       0x10 ./Drivers/BSP/STM32469I-Discovery/stm32469i_discovery.o
                0x0000000020000010                GPIO_PORT
 .data.Font24   0x0000000020000020        0x8 ./Drivers/BSP/STM32469I-Discovery/stm32469i_discovery_lcd.o
                0x0000000020000020                Font24
 .data.Font16   0x0000000020000028        0x8 ./Drivers/BSP/STM32469I-Discovery/stm32469i_discovery_lcd.o
                0x0000000020000028                Font16
 .data.lcd_x_size
                0x0000000020000030        0x4 ./Drivers/BSP/STM32469I-Discovery/stm32469i_discovery_lcd.o
                0x0000000020000030                lcd_x_size
 .data.lcd_y_size
                0x0000000020000034        0x4 ./Drivers/BSP/STM32469I-Discovery/stm32469i_discovery_lcd.o
                0x0000000020000034                lcd_y_size
 .data.sdramstatus.3
                0x0000000020000038        0x1 ./Drivers/BSP/STM32469I-Discovery/stm32469i_discovery_sdram.o
 *fill*         0x0000000020000039        0x3 
 .data.SystemCoreClock
                0x000000002000003c        0x4 ./Drivers/CMSIS/system_stm32f4xx.o
                0x000000002000003c                SystemCoreClock
 .data.uwTickPrio
                0x0000000020000040        0x4 ./Drivers/STM32F4xx_HAL_Driver/stm32f4xx_hal.o
                0x0000000020000040                uwTickPrio
 .data.uwTickFreq
                0x0000000020000044        0x1 ./Drivers/STM32F4xx_HAL_Driver/stm32f4xx_hal.o
                0x0000000020000044                uwTickFreq
 *fill*         0x0000000020000045        0x3 
 .data.pending_buffer
                0x0000000020000048        0x4 ./Example/User/main.o
 .data._impure_data
                0x000000002000004c       0x4c C:/ST/STM32CubeIDE_1.14.0/STM32CubeIDE/plugins/com.st.stm32cube.ide.mcu.externaltools.gnu-tools-for-stm32.11.3.rel1.win32_1.1.100.202309141235/tools/bin/../lib/gcc/arm-none-eabi/11.3.1/../../../../arm-none-eabi/lib/thumb/v7e-m+fp/hard\libc_nano.a(libc_a-impure.o)
                0x000000002000004c                _impure_data
 .data._impure_ptr
                0x0000000020000098        0x4 C:/ST/STM32CubeIDE_1.14.0/STM32CubeIDE/plugins/com.st.stm32cube.ide.mcu.externaltools.gnu-tools-for-stm32.11.3.rel1.win32_1.1.100.202309141235/tools/bin/../lib/gcc/arm-none-eabi/11.3.1/../../../../arm-none-eabi/lib/thumb/v7e-m+fp/hard\libc_nano.a(libc_a-impure.o)
                0x0000000020000098                _impure_ptr
                0x000000002000009c                . = ALIGN (0x4)
                0x000000002000009c                _edata = .
                0x0000000008053314                _siccmram = LOADADDR (.ccmram)

.igot.plt       0x000000002000009c        0x0 load address 0x0000000008053314
 .igot.plt      0x000000002000009c        0x0 C:/ST/STM32CubeIDE_1.14.0/STM32CubeIDE/plugins/com.st.stm32cube.ide.mcu.externaltools.gnu-tools-for-stm32.11.3.rel1.win32_1.1.100.202309141235/tools/bin/../lib/gcc/arm-none-eabi/11.3.1/thumb/v7e-m+fp/hard/crtbegin.o

.ccmram         0x0000000010000000        0x0 load address 0x0000000008053314
                0x0000000010000000                . = ALIGN (0x4)
                0x0000000010000000                _sccmram = .
 *(.ccmram)
 *(.ccmram*)
                0x0000000010000000                . = ALIGN (0x4)
                0x0000000010000000                _eccmram = .
                0x0000000010000000                . = ALIGN (0x4)

.bss            0x000000002000009c      0x44c
                0x000000002000009c                _sbss = .
                0x000000002000009c                __bss_start__ = _sbss
 *(.bss)
 .bss           0x000000002000009c       0x1c C:/ST/STM32CubeIDE_1.14.0/STM32CubeIDE/plugins/com.st.stm32cube.ide.mcu.externaltools.gnu-tools-for-stm32.11.3.rel1.win32_1.1.100.202309141235/tools/bin/../lib/gcc/arm-none-eabi/11.3.1/thumb/v7e-m+fp/hard/crtbegin.o
 *(.bss*)
 .bss.hdma2d_eval
                0x00000000200000b8       0x40 ./Drivers/BSP/STM32469I-Discovery/stm32469i_discovery_lcd.o
                0x00000000200000b8                hdma2d_eval
 .bss.hltdc_eval
                0x00000000200000f8       0xa8 ./Drivers/BSP/STM32469I-Discovery/stm32469i_discovery_lcd.o
                0x00000000200000f8                hltdc_eval
 .bss.hdsi_eval
                0x00000000200001a0       0x1c ./Drivers/BSP/STM32469I-Discovery/stm32469i_discovery_lcd.o
                0x00000000200001a0                hdsi_eval
 .bss.ActiveLayer
                0x00000000200001bc        0x4 ./Drivers/BSP/STM32469I-Discovery/stm32469i_discovery_lcd.o
 .bss.DrawProp  0x00000000200001c0       0x18 ./Drivers/BSP/STM32469I-Discovery/stm32469i_discovery_lcd.o
 .bss.sdramHandle
                0x00000000200001d8       0x34 ./Drivers/BSP/STM32469I-Discovery/stm32469i_discovery_sdram.o
 .bss.Timing    0x000000002000020c       0x1c ./Drivers/BSP/STM32469I-Discovery/stm32469i_discovery_sdram.o
 .bss.Command   0x0000000020000228       0x10 ./Drivers/BSP/STM32469I-Discovery/stm32469i_discovery_sdram.o
 .bss.dma_handle.1
                0x0000000020000238       0x60 ./Drivers/BSP/STM32469I-Discovery/stm32469i_discovery_sdram.o
 .bss.uwTick    0x0000000020000298        0x4 ./Drivers/STM32F4xx_HAL_Driver/stm32f4xx_hal.o
                0x0000000020000298                uwTick
 .bss.hdma2d    0x000000002000029c       0x40 ./Example/User/main.o
 .bss.PeriphClkInitStruct.4
                0x00000000200002dc       0x3c ./Example/User/main.o
 .bss.dsiPllInit.3
                0x0000000020000318        0xc ./Example/User/main.o
 .bss.CmdCfg.2  0x0000000020000324       0x2c ./Example/User/main.o
 .bss.LPCmd.1   0x0000000020000350       0x34 ./Example/User/main.o
 .bss.PhyTimings.0
                0x0000000020000384       0x18 ./Example/User/main.o
 .bss.__sbrk_heap_end
                0x000000002000039c        0x4 ./Example/User/sysmem.o
 .bss.__sf      0x00000000200003a0      0x138 C:/ST/STM32CubeIDE_1.14.0/STM32CubeIDE/plugins/com.st.stm32cube.ide.mcu.externaltools.gnu-tools-for-stm32.11.3.rel1.win32_1.1.100.202309141235/tools/bin/../lib/gcc/arm-none-eabi/11.3.1/../../../../arm-none-eabi/lib/thumb/v7e-m+fp/hard\libc_nano.a(libc_a-findfp.o)
                0x00000000200003a0                __sf
 .bss.errno     0x00000000200004d8        0x4 C:/ST/STM32CubeIDE_1.14.0/STM32CubeIDE/plugins/com.st.stm32cube.ide.mcu.externaltools.gnu-tools-for-stm32.11.3.rel1.win32_1.1.100.202309141235/tools/bin/../lib/gcc/arm-none-eabi/11.3.1/../../../../arm-none-eabi/lib/thumb/v7e-m+fp/hard\libc_nano.a(libc_a-reent.o)
                0x00000000200004d8                errno
 .bss.__lock___malloc_recursive_mutex
                0x00000000200004dc        0x1 C:/ST/STM32CubeIDE_1.14.0/STM32CubeIDE/plugins/com.st.stm32cube.ide.mcu.externaltools.gnu-tools-for-stm32.11.3.rel1.win32_1.1.100.202309141235/tools/bin/../lib/gcc/arm-none-eabi/11.3.1/../../../../arm-none-eabi/lib/thumb/v7e-m+fp/hard\libc_nano.a(libc_a-lock.o)
                0x00000000200004dc                __lock___malloc_recursive_mutex
 *fill*         0x00000000200004dd        0x3 
 .bss.__malloc_free_list
                0x00000000200004e0        0x4 C:/ST/STM32CubeIDE_1.14.0/STM32CubeIDE/plugins/com.st.stm32cube.ide.mcu.externaltools.gnu-tools-for-stm32.11.3.rel1.win32_1.1.100.202309141235/tools/bin/../lib/gcc/arm-none-eabi/11.3.1/../../../../arm-none-eabi/lib/thumb/v7e-m+fp/hard\libc_nano.a(libc_a-mallocr.o)
                0x00000000200004e0                __malloc_free_list
 .bss.__malloc_sbrk_start
                0x00000000200004e4        0x4 C:/ST/STM32CubeIDE_1.14.0/STM32CubeIDE/plugins/com.st.stm32cube.ide.mcu.externaltools.gnu-tools-for-stm32.11.3.rel1.win32_1.1.100.202309141235/tools/bin/../lib/gcc/arm-none-eabi/11.3.1/../../../../arm-none-eabi/lib/thumb/v7e-m+fp/hard\libc_nano.a(libc_a-mallocr.o)
                0x00000000200004e4                __malloc_sbrk_start
 *(COMMON)
                0x00000000200004e8                . = ALIGN (0x4)
                0x00000000200004e8                _ebss = .
                0x00000000200004e8                __bss_end__ = _ebss

._user_heap_stack
                0x00000000200004e8      0x600
                0x00000000200004e8                . = ALIGN (0x4)
                [!provide]                        PROVIDE (end = .)
                0x00000000200004e8                PROVIDE (_end = .)
                0x00000000200006e8                . = (. + _Min_Heap_Size)
 *fill*         0x00000000200004e8      0x200 
                0x0000000020000ae8                . = (. + _Min_Stack_Size)
 *fill*         0x00000000200006e8      0x400 
                0x0000000020000ae8                . = ALIGN (0x4)

/DISCARD/
 libc.a(*)
 libm.a(*)
 libgcc.a(*)

.ARM.attributes
                0x0000000000000000       0x30
 *(.ARM.attributes)
 .ARM.attributes
                0x0000000000000000       0x1e C:/ST/STM32CubeIDE_1.14.0/STM32CubeIDE/plugins/com.st.stm32cube.ide.mcu.externaltools.gnu-tools-for-stm32.11.3.rel1.win32_1.1.100.202309141235/tools/bin/../lib/gcc/arm-none-eabi/11.3.1/thumb/v7e-m+fp/hard/crti.o
 .ARM.attributes
                0x000000000000001e       0x34 C:/ST/STM32CubeIDE_1.14.0/STM32CubeIDE/plugins/com.st.stm32cube.ide.mcu.externaltools.gnu-tools-for-stm32.11.3.rel1.win32_1.1.100.202309141235/tools/bin/../lib/gcc/arm-none-eabi/11.3.1/thumb/v7e-m+fp/hard/crtbegin.o
 .ARM.attributes
                0x0000000000000052       0x34 ./Drivers/BSP/Components/nt35510.o
 .ARM.attributes
                0x0000000000000086       0x34 ./Drivers/BSP/STM32469I-Discovery/stm32469i_discovery.o
 .ARM.attributes
                0x00000000000000ba       0x34 ./Drivers/BSP/STM32469I-Discovery/stm32469i_discovery_lcd.o
 .ARM.attributes
                0x00000000000000ee       0x34 ./Drivers/BSP/STM32469I-Discovery/stm32469i_discovery_sdram.o
 .ARM.attributes
                0x0000000000000122       0x34 ./Drivers/CMSIS/system_stm32f4xx.o
 .ARM.attributes
                0x0000000000000156       0x34 ./Drivers/STM32F4xx_HAL_Driver/stm32f4xx_hal.o
 .ARM.attributes
                0x000000000000018a       0x34 ./Drivers/STM32F4xx_HAL_Driver/stm32f4xx_hal_cortex.o
 .ARM.attributes
                0x00000000000001be       0x34 ./Drivers/STM32F4xx_HAL_Driver/stm32f4xx_hal_dma.o
 .ARM.attributes
                0x00000000000001f2       0x34 ./Drivers/STM32F4xx_HAL_Driver/stm32f4xx_hal_dma2d.o
 .ARM.attributes
                0x0000000000000226       0x34 ./Drivers/STM32F4xx_HAL_Driver/stm32f4xx_hal_dsi.o
 .ARM.attributes
                0x000000000000025a       0x34 ./Drivers/STM32F4xx_HAL_Driver/stm32f4xx_hal_gpio.o
 .ARM.attributes
                0x000000000000028e       0x34 ./Drivers/STM32F4xx_HAL_Driver/stm32f4xx_hal_ltdc.o
 .ARM.attributes
                0x00000000000002c2       0x34 ./Drivers/STM32F4xx_HAL_Driver/stm32f4xx_hal_pwr_ex.o
 .ARM.attributes
                0x00000000000002f6       0x34 ./Drivers/STM32F4xx_HAL_Driver/stm32f4xx_hal_rcc.o
 .ARM.attributes
                0x000000000000032a       0x34 ./Drivers/STM32F4xx_HAL_Driver/stm32f4xx_hal_rcc_ex.o
 .ARM.attributes
                0x000000000000035e       0x34 ./Drivers/STM32F4xx_HAL_Driver/stm32f4xx_hal_sdram.o
 .ARM.attributes
                0x0000000000000392       0x34 ./Drivers/STM32F4xx_HAL_Driver/stm32f4xx_ll_fmc.o
 .ARM.attributes
                0x00000000000003c6       0x21 ./Example/Startup/startup_stm32f469nihx.o
 .ARM.attributes
                0x00000000000003e7       0x34 ./Example/User/main.o
 .ARM.attributes
                0x000000000000041b       0x34 ./Example/User/stm32f4xx_it.o
 .ARM.attributes
                0x000000000000044f       0x34 ./Example/User/sysmem.o
 .ARM.attributes
                0x0000000000000483       0x34 C:/ST/STM32CubeIDE_1.14.0/STM32CubeIDE/plugins/com.st.stm32cube.ide.mcu.externaltools.gnu-tools-for-stm32.11.3.rel1.win32_1.1.100.202309141235/tools/bin/../lib/gcc/arm-none-eabi/11.3.1/../../../../arm-none-eabi/lib/thumb/v7e-m+fp/hard\libc_nano.a(libc_a-findfp.o)
 .ARM.attributes
                0x00000000000004b7       0x34 C:/ST/STM32CubeIDE_1.14.0/STM32CubeIDE/plugins/com.st.stm32cube.ide.mcu.externaltools.gnu-tools-for-stm32.11.3.rel1.win32_1.1.100.202309141235/tools/bin/../lib/gcc/arm-none-eabi/11.3.1/../../../../arm-none-eabi/lib/thumb/v7e-m+fp/hard\libc_nano.a(libc_a-sprintf.o)
 .ARM.attributes
                0x00000000000004eb       0x34 C:/ST/STM32CubeIDE_1.14.0/STM32CubeIDE/plugins/com.st.stm32cube.ide.mcu.externaltools.gnu-tools-for-stm32.11.3.rel1.win32_1.1.100.202309141235/tools/bin/../lib/gcc/arm-none-eabi/11.3.1/../../../../arm-none-eabi/lib/thumb/v7e-m+fp/hard\libc_nano.a(libc_a-reent.o)
 .ARM.attributes
                0x000000000000051f       0x34 C:/ST/STM32CubeIDE_1.14.0/STM32CubeIDE/plugins/com.st.stm32cube.ide.mcu.externaltools.gnu-tools-for-stm32.11.3.rel1.win32_1.1.100.202309141235/tools/bin/../lib/gcc/arm-none-eabi/11.3.1/../../../../arm-none-eabi/lib/thumb/v7e-m+fp/hard\libc_nano.a(libc_a-impure.o)
 .ARM.attributes
                0x0000000000000553       0x34 C:/ST/STM32CubeIDE_1.14.0/STM32CubeIDE/plugins/com.st.stm32cube.ide.mcu.externaltools.gnu-tools-for-stm32.11.3.rel1.win32_1.1.100.202309141235/tools/bin/../lib/gcc/arm-none-eabi/11.3.1/../../../../arm-none-eabi/lib/thumb/v7e-m+fp/hard\libc_nano.a(libc_a-errno.o)
 .ARM.attributes
                0x0000000000000587       0x34 C:/ST/STM32CubeIDE_1.14.0/STM32CubeIDE/plugins/com.st.stm32cube.ide.mcu.externaltools.gnu-tools-for-stm32.11.3.rel1.win32_1.1.100.202309141235/tools/bin/../lib/gcc/arm-none-eabi/11.3.1/../../../../arm-none-eabi/lib/thumb/v7e-m+fp/hard\libc_nano.a(libc_a-init.o)
 .ARM.attributes
                0x00000000000005bb       0x34 C:/ST/STM32CubeIDE_1.14.0/STM32CubeIDE/plugins/com.st.stm32cube.ide.mcu.externaltools.gnu-tools-for-stm32.11.3.rel1.win32_1.1.100.202309141235/tools/bin/../lib/gcc/arm-none-eabi/11.3.1/../../../../arm-none-eabi/lib/thumb/v7e-m+fp/hard\libc_nano.a(libc_a-lock.o)
 .ARM.attributes
                0x00000000000005ef       0x34 C:/ST/STM32CubeIDE_1.14.0/STM32CubeIDE/plugins/com.st.stm32cube.ide.mcu.externaltools.gnu-tools-for-stm32.11.3.rel1.win32_1.1.100.202309141235/tools/bin/../lib/gcc/arm-none-eabi/11.3.1/../../../../arm-none-eabi/lib/thumb/v7e-m+fp/hard\libc_nano.a(libc_a-freer.o)
 .ARM.attributes
                0x0000000000000623       0x34 C:/ST/STM32CubeIDE_1.14.0/STM32CubeIDE/plugins/com.st.stm32cube.ide.mcu.externaltools.gnu-tools-for-stm32.11.3.rel1.win32_1.1.100.202309141235/tools/bin/../lib/gcc/arm-none-eabi/11.3.1/../../../../arm-none-eabi/lib/thumb/v7e-m+fp/hard\libc_nano.a(libc_a-mallocr.o)
 .ARM.attributes
                0x0000000000000657       0x34 C:/ST/STM32CubeIDE_1.14.0/STM32CubeIDE/plugins/com.st.stm32cube.ide.mcu.externaltools.gnu-tools-for-stm32.11.3.rel1.win32_1.1.100.202309141235/tools/bin/../lib/gcc/arm-none-eabi/11.3.1/../../../../arm-none-eabi/lib/thumb/v7e-m+fp/hard\libc_nano.a(libc_a-mlock.o)
 .ARM.attributes
                0x000000000000068b       0x34 C:/ST/STM32CubeIDE_1.14.0/STM32CubeIDE/plugins/com.st.stm32cube.ide.mcu.externaltools.gnu-tools-for-stm32.11.3.rel1.win32_1.1.100.202309141235/tools/bin/../lib/gcc/arm-none-eabi/11.3.1/../../../../arm-none-eabi/lib/thumb/v7e-m+fp/hard\libc_nano.a(libc_a-nano-svfprintf.o)
 .ARM.attributes
                0x00000000000006bf       0x34 C:/ST/STM32CubeIDE_1.14.0/STM32CubeIDE/plugins/com.st.stm32cube.ide.mcu.externaltools.gnu-tools-for-stm32.11.3.rel1.win32_1.1.100.202309141235/tools/bin/../lib/gcc/arm-none-eabi/11.3.1/../../../../arm-none-eabi/lib/thumb/v7e-m+fp/hard\libc_nano.a(libc_a-nano-vfprintf_i.o)
 .ARM.attributes
                0x00000000000006f3       0x34 C:/ST/STM32CubeIDE_1.14.0/STM32CubeIDE/plugins/com.st.stm32cube.ide.mcu.externaltools.gnu-tools-for-stm32.11.3.rel1.win32_1.1.100.202309141235/tools/bin/../lib/gcc/arm-none-eabi/11.3.1/../../../../arm-none-eabi/lib/thumb/v7e-m+fp/hard\libc_nano.a(libc_a-memmove.o)
 .ARM.attributes
                0x0000000000000727       0x34 C:/ST/STM32CubeIDE_1.14.0/STM32CubeIDE/plugins/com.st.stm32cube.ide.mcu.externaltools.gnu-tools-for-stm32.11.3.rel1.win32_1.1.100.202309141235/tools/bin/../lib/gcc/arm-none-eabi/11.3.1/../../../../arm-none-eabi/lib/thumb/v7e-m+fp/hard\libc_nano.a(libc_a-sbrkr.o)
 .ARM.attributes
                0x000000000000075b       0x1c C:/ST/STM32CubeIDE_1.14.0/STM32CubeIDE/plugins/com.st.stm32cube.ide.mcu.externaltools.gnu-tools-for-stm32.11.3.rel1.win32_1.1.100.202309141235/tools/bin/../lib/gcc/arm-none-eabi/11.3.1/../../../../arm-none-eabi/lib/thumb/v7e-m+fp/hard\libc_nano.a(libc_a-memchr.o)
 .ARM.attributes
                0x0000000000000777       0x34 C:/ST/STM32CubeIDE_1.14.0/STM32CubeIDE/plugins/com.st.stm32cube.ide.mcu.externaltools.gnu-tools-for-stm32.11.3.rel1.win32_1.1.100.202309141235/tools/bin/../lib/gcc/arm-none-eabi/11.3.1/../../../../arm-none-eabi/lib/thumb/v7e-m+fp/hard\libc_nano.a(libc_a-memcpy-stub.o)
 .ARM.attributes
                0x00000000000007ab       0x34 C:/ST/STM32CubeIDE_1.14.0/STM32CubeIDE/plugins/com.st.stm32cube.ide.mcu.externaltools.gnu-tools-for-stm32.11.3.rel1.win32_1.1.100.202309141235/tools/bin/../lib/gcc/arm-none-eabi/11.3.1/../../../../arm-none-eabi/lib/thumb/v7e-m+fp/hard\libc_nano.a(libc_a-reallocr.o)
 .ARM.attributes
                0x00000000000007df       0x34 C:/ST/STM32CubeIDE_1.14.0/STM32CubeIDE/plugins/com.st.stm32cube.ide.mcu.externaltools.gnu-tools-for-stm32.11.3.rel1.win32_1.1.100.202309141235/tools/bin/../lib/gcc/arm-none-eabi/11.3.1/../../../../arm-none-eabi/lib/thumb/v7e-m+fp/hard\libc_nano.a(libc_a-msizer.o)
 .ARM.attributes
                0x0000000000000813       0x1e C:/ST/STM32CubeIDE_1.14.0/STM32CubeIDE/plugins/com.st.stm32cube.ide.mcu.externaltools.gnu-tools-for-stm32.11.3.rel1.win32_1.1.100.202309141235/tools/bin/../lib/gcc/arm-none-eabi/11.3.1/thumb/v7e-m+fp/hard\libgcc.a(_aeabi_uldivmod.o)
 .ARM.attributes
                0x0000000000000831       0x34 C:/ST/STM32CubeIDE_1.14.0/STM32CubeIDE/plugins/com.st.stm32cube.ide.mcu.externaltools.gnu-tools-for-stm32.11.3.rel1.win32_1.1.100.202309141235/tools/bin/../lib/gcc/arm-none-eabi/11.3.1/thumb/v7e-m+fp/hard\libgcc.a(_udivmoddi4.o)
 .ARM.attributes
                0x0000000000000865       0x1e C:/ST/STM32CubeIDE_1.14.0/STM32CubeIDE/plugins/com.st.stm32cube.ide.mcu.externaltools.gnu-tools-for-stm32.11.3.rel1.win32_1.1.100.202309141235/tools/bin/../lib/gcc/arm-none-eabi/11.3.1/thumb/v7e-m+fp/hard\libgcc.a(_dvmd_tls.o)
 .ARM.attributes
                0x0000000000000883       0x1e C:/ST/STM32CubeIDE_1.14.0/STM32CubeIDE/plugins/com.st.stm32cube.ide.mcu.externaltools.gnu-tools-for-stm32.11.3.rel1.win32_1.1.100.202309141235/tools/bin/../lib/gcc/arm-none-eabi/11.3.1/thumb/v7e-m+fp/hard/crtn.o
OUTPUT(TempDisplay.elf elf32-littlearm)
LOAD linker stubs
LOAD C:/ST/STM32CubeIDE_1.14.0/STM32CubeIDE/plugins/com.st.stm32cube.ide.mcu.externaltools.gnu-tools-for-stm32.11.3.rel1.win32_1.1.100.202309141235/tools/bin/../lib/gcc/arm-none-eabi/11.3.1/../../../../arm-none-eabi/lib/thumb/v7e-m+fp/hard\libc.a
LOAD C:/ST/STM32CubeIDE_1.14.0/STM32CubeIDE/plugins/com.st.stm32cube.ide.mcu.externaltools.gnu-tools-for-stm32.11.3.rel1.win32_1.1.100.202309141235/tools/bin/../lib/gcc/arm-none-eabi/11.3.1/../../../../arm-none-eabi/lib/thumb/v7e-m+fp/hard\libm.a
LOAD C:/ST/STM32CubeIDE_1.14.0/STM32CubeIDE/plugins/com.st.stm32cube.ide.mcu.externaltools.gnu-tools-for-stm32.11.3.rel1.win32_1.1.100.202309141235/tools/bin/../lib/gcc/arm-none-eabi/11.3.1/thumb/v7e-m+fp/hard\libgcc.a

.comment        0x0000000000000000       0x43
 .comment       0x0000000000000000       0x43 C:/ST/STM32CubeIDE_1.14.0/STM32CubeIDE/plugins/com.st.stm32cube.ide.mcu.externaltools.gnu-tools-for-stm32.11.3.rel1.win32_1.1.100.202309141235/tools/bin/../lib/gcc/arm-none-eabi/11.3.1/thumb/v7e-m+fp/hard/crtbegin.o
                                         0x44 (size before relaxing)
 .comment       0x0000000000000043       0x44 ./Drivers/BSP/Components/nt35510.o
 .comment       0x0000000000000043       0x44 ./Drivers/BSP/STM32469I-Discovery/stm32469i_discovery.o
 .comment       0x0000000000000043       0x44 ./Drivers/BSP/STM32469I-Discovery/stm32469i_discovery_lcd.o
 .comment       0x0000000000000043       0x44 ./Drivers/BSP/STM32469I-Discovery/stm32469i_discovery_sdram.o
 .comment       0x0000000000000043       0x44 ./Drivers/CMSIS/system_stm32f4xx.o
 .comment       0x0000000000000043       0x44 ./Drivers/STM32F4xx_HAL_Driver/stm32f4xx_hal.o
 .comment       0x0000000000000043       0x44 ./Drivers/STM32F4xx_HAL_Driver/stm32f4xx_hal_cortex.o
 .comment       0x0000000000000043       0x44 ./Drivers/STM32F4xx_HAL_Driver/stm32f4xx_hal_dma.o
 .comment       0x0000000000000043       0x44 ./Drivers/STM32F4xx_HAL_Driver/stm32f4xx_hal_dma2d.o
 .comment       0x0000000000000043       0x44 ./Drivers/STM32F4xx_HAL_Driver/stm32f4xx_hal_dsi.o
 .comment       0x0000000000000043       0x44 ./Drivers/STM32F4xx_HAL_Driver/stm32f4xx_hal_gpio.o
 .comment       0x0000000000000043       0x44 ./Drivers/STM32F4xx_HAL_Driver/stm32f4xx_hal_ltdc.o
 .comment       0x0000000000000043       0x44 ./Drivers/STM32F4xx_HAL_Driver/stm32f4xx_hal_pwr_ex.o
 .comment       0x0000000000000043       0x44 ./Drivers/STM32F4xx_HAL_Driver/stm32f4xx_hal_rcc.o
 .comment       0x0000000000000043       0x44 ./Drivers/STM32F4xx_HAL_Driver/stm32f4xx_hal_rcc_ex.o
 .comment       0x0000000000000043       0x44 ./Drivers/STM32F4xx_HAL_Driver/stm32f4xx_hal_sdram.o
 .comment       0x0000000000000043       0x44 ./Drivers/STM32F4xx_HAL_Driver/stm32f4xx_ll_fmc.o
 .comment       0x0000000000000043       0x44 ./Example/User/main.o
 .comment       0x0000000000000043       0x44 ./Example/User/stm32f4xx_it.o
 .comment       0x0000000000000043       0x44 ./Example/User/sysmem.o

.debug_info     0x0000000000000000    0x11731
 .debug_info    0x0000000000000000      0x3d5 ./Drivers/BSP/Components/nt35510.o
 .debug_info    0x00000000000003d5     0x1785 ./Drivers/BSP/STM32469I-Discovery/stm32469i_discovery.o
 .debug_info    0x0000000000001b5a     0x2e03 ./Drivers/BSP/STM32469I-Discovery/stm32469i_discovery_lcd.o
 .debug_info    0x000000000000495d     0x1072 ./Drivers/BSP/STM32469I-Discovery/stm32469i_discovery_sdram.o
 .debug_info    0x00000000000059cf      0x52e ./Drivers/CMSIS/system_stm32f4xx.o
 .debug_info    0x0000000000005efd      0x9c6 ./Drivers/STM32F4xx_HAL_Driver/stm32f4xx_hal.o
 .debug_info    0x00000000000068c3      0xd99 ./Drivers/STM32F4xx_HAL_Driver/stm32f4xx_hal_cortex.o
 .debug_info    0x000000000000765c      0x8e7 ./Drivers/STM32F4xx_HAL_Driver/stm32f4xx_hal_dma.o
 .debug_info    0x0000000000007f43      0xe6e ./Drivers/STM32F4xx_HAL_Driver/stm32f4xx_hal_dma2d.o
 .debug_info    0x0000000000008db1     0x193d ./Drivers/STM32F4xx_HAL_Driver/stm32f4xx_hal_dsi.o
 .debug_info    0x000000000000a6ee      0x6db ./Drivers/STM32F4xx_HAL_Driver/stm32f4xx_hal_gpio.o
 .debug_info    0x000000000000adc9     0x1022 ./Drivers/STM32F4xx_HAL_Driver/stm32f4xx_hal_ltdc.o
 .debug_info    0x000000000000bdeb      0x6be ./Drivers/STM32F4xx_HAL_Driver/stm32f4xx_hal_pwr_ex.o
 .debug_info    0x000000000000c4a9      0x8d5 ./Drivers/STM32F4xx_HAL_Driver/stm32f4xx_hal_rcc.o
 .debug_info    0x000000000000cd7e      0x84d ./Drivers/STM32F4xx_HAL_Driver/stm32f4xx_hal_rcc_ex.o
 .debug_info    0x000000000000d5cb      0xeb4 ./Drivers/STM32F4xx_HAL_Driver/stm32f4xx_hal_sdram.o
 .debug_info    0x000000000000e47f      0xbd8 ./Drivers/STM32F4xx_HAL_Driver/stm32f4xx_ll_fmc.o
 .debug_info    0x000000000000f057       0x23 ./Example/Startup/startup_stm32f469nihx.o
 .debug_info    0x000000000000f07a     0x1a76 ./Example/User/main.o
 .debug_info    0x0000000000010af0      0xad9 ./Example/User/stm32f4xx_it.o
 .debug_info    0x00000000000115c9      0x168 ./Example/User/sysmem.o

.debug_abbrev   0x0000000000000000     0x2ba1
 .debug_abbrev  0x0000000000000000       0xbf ./Drivers/BSP/Components/nt35510.o
 .debug_abbrev  0x00000000000000bf      0x302 ./Drivers/BSP/STM32469I-Discovery/stm32469i_discovery.o
 .debug_abbrev  0x00000000000003c1      0x3b7 ./Drivers/BSP/STM32469I-Discovery/stm32469i_discovery_lcd.o
 .debug_abbrev  0x0000000000000778      0x283 ./Drivers/BSP/STM32469I-Discovery/stm32469i_discovery_sdram.o
 .debug_abbrev  0x00000000000009fb      0x11a ./Drivers/CMSIS/system_stm32f4xx.o
 .debug_abbrev  0x0000000000000b15      0x214 ./Drivers/STM32F4xx_HAL_Driver/stm32f4xx_hal.o
 .debug_abbrev  0x0000000000000d29      0x328 ./Drivers/STM32F4xx_HAL_Driver/stm32f4xx_hal_cortex.o
 .debug_abbrev  0x0000000000001051      0x264 ./Drivers/STM32F4xx_HAL_Driver/stm32f4xx_hal_dma.o
 .debug_abbrev  0x00000000000012b5      0x23e ./Drivers/STM32F4xx_HAL_Driver/stm32f4xx_hal_dma2d.o
 .debug_abbrev  0x00000000000014f3      0x25e ./Drivers/STM32F4xx_HAL_Driver/stm32f4xx_hal_dsi.o
 .debug_abbrev  0x0000000000001751      0x1d4 ./Drivers/STM32F4xx_HAL_Driver/stm32f4xx_hal_gpio.o
 .debug_abbrev  0x0000000000001925      0x233 ./Drivers/STM32F4xx_HAL_Driver/stm32f4xx_hal_ltdc.o
 .debug_abbrev  0x0000000000001b58      0x1cf ./Drivers/STM32F4xx_HAL_Driver/stm32f4xx_hal_pwr_ex.o
 .debug_abbrev  0x0000000000001d27      0x2b6 ./Drivers/STM32F4xx_HAL_Driver/stm32f4xx_hal_rcc.o
 .debug_abbrev  0x0000000000001fdd      0x1e4 ./Drivers/STM32F4xx_HAL_Driver/stm32f4xx_hal_rcc_ex.o
 .debug_abbrev  0x00000000000021c1      0x240 ./Drivers/STM32F4xx_HAL_Driver/stm32f4xx_hal_sdram.o
 .debug_abbrev  0x0000000000002401      0x1ac ./Drivers/STM32F4xx_HAL_Driver/stm32f4xx_ll_fmc.o
 .debug_abbrev  0x00000000000025ad       0x12 ./Example/Startup/startup_stm32f469nihx.o
 .debug_abbrev  0x00000000000025bf      0x374 ./Example/User/main.o
 .debug_abbrev  0x0000000000002933      0x1b2 ./Example/User/stm32f4xx_it.o
 .debug_abbrev  0x0000000000002ae5       0xbc ./Example/User/sysmem.o

.debug_aranges  0x0000000000000000      0xee0
 .debug_aranges
                0x0000000000000000       0x28 ./Drivers/BSP/Components/nt35510.o
 .debug_aranges
                0x0000000000000028      0x150 ./Drivers/BSP/STM32469I-Discovery/stm32469i_discovery.o
 .debug_aranges
                0x0000000000000178      0x1c0 ./Drivers/BSP/STM32469I-Discovery/stm32469i_discovery_lcd.o
 .debug_aranges
                0x0000000000000338       0x70 ./Drivers/BSP/STM32469I-Discovery/stm32469i_discovery_sdram.o
 .debug_aranges
                0x00000000000003a8       0x28 ./Drivers/CMSIS/system_stm32f4xx.o
 .debug_aranges
                0x00000000000003d0      0x100 ./Drivers/STM32F4xx_HAL_Driver/stm32f4xx_hal.o
 .debug_aranges
                0x00000000000004d0      0x120 ./Drivers/STM32F4xx_HAL_Driver/stm32f4xx_hal_cortex.o
 .debug_aranges
                0x00000000000005f0       0x90 ./Drivers/STM32F4xx_HAL_Driver/stm32f4xx_hal_dma.o
 .debug_aranges
                0x0000000000000680      0x118 ./Drivers/STM32F4xx_HAL_Driver/stm32f4xx_hal_dma2d.o
 .debug_aranges
                0x0000000000000798      0x178 ./Drivers/STM32F4xx_HAL_Driver/stm32f4xx_hal_dsi.o
 .debug_aranges
                0x0000000000000910       0x58 ./Drivers/STM32F4xx_HAL_Driver/stm32f4xx_hal_gpio.o
 .debug_aranges
                0x0000000000000968      0x158 ./Drivers/STM32F4xx_HAL_Driver/stm32f4xx_hal_ltdc.o
 .debug_aranges
                0x0000000000000ac0       0x60 ./Drivers/STM32F4xx_HAL_Driver/stm32f4xx_hal_pwr_ex.o
 .debug_aranges
                0x0000000000000b20       0x88 ./Drivers/STM32F4xx_HAL_Driver/stm32f4xx_hal_rcc.o
 .debug_aranges
                0x0000000000000ba8       0x70 ./Drivers/STM32F4xx_HAL_Driver/stm32f4xx_hal_rcc_ex.o
 .debug_aranges
                0x0000000000000c18       0xe8 ./Drivers/STM32F4xx_HAL_Driver/stm32f4xx_hal_sdram.o
 .debug_aranges
                0x0000000000000d00       0xc8 ./Drivers/STM32F4xx_HAL_Driver/stm32f4xx_ll_fmc.o
 .debug_aranges
                0x0000000000000dc8       0x28 ./Example/Startup/startup_stm32f469nihx.o
 .debug_aranges
                0x0000000000000df0       0x60 ./Example/User/main.o
 .debug_aranges
                0x0000000000000e50       0x70 ./Example/User/stm32f4xx_it.o
 .debug_aranges
                0x0000000000000ec0       0x20 ./Example/User/sysmem.o

.debug_rnglists
                0x0000000000000000      0xb3a
 .debug_rnglists
                0x0000000000000000       0x1a ./Drivers/BSP/Components/nt35510.o
 .debug_rnglists
                0x000000000000001a       0xfb ./Drivers/BSP/STM32469I-Discovery/stm32469i_discovery.o
 .debug_rnglists
                0x0000000000000115      0x15f ./Drivers/BSP/STM32469I-Discovery/stm32469i_discovery_lcd.o
 .debug_rnglists
                0x0000000000000274       0x52 ./Drivers/BSP/STM32469I-Discovery/stm32469i_discovery_sdram.o
 .debug_rnglists
                0x00000000000002c6       0x1a ./Drivers/CMSIS/system_stm32f4xx.o
 .debug_rnglists
                0x00000000000002e0       0xbb ./Drivers/STM32F4xx_HAL_Driver/stm32f4xx_hal.o
 .debug_rnglists
                0x000000000000039b       0xd4 ./Drivers/STM32F4xx_HAL_Driver/stm32f4xx_hal_cortex.o
 .debug_rnglists
                0x000000000000046f       0x70 ./Drivers/STM32F4xx_HAL_Driver/stm32f4xx_hal_dma.o
 .debug_rnglists
                0x00000000000004df       0xdc ./Drivers/STM32F4xx_HAL_Driver/stm32f4xx_hal_dma2d.o
 .debug_rnglists
                0x00000000000005bb      0x128 ./Drivers/STM32F4xx_HAL_Driver/stm32f4xx_hal_dsi.o
 .debug_rnglists
                0x00000000000006e3       0x3f ./Drivers/STM32F4xx_HAL_Driver/stm32f4xx_hal_gpio.o
 .debug_rnglists
                0x0000000000000722      0x10a ./Drivers/STM32F4xx_HAL_Driver/stm32f4xx_hal_ltdc.o
 .debug_rnglists
                0x000000000000082c       0x47 ./Drivers/STM32F4xx_HAL_Driver/stm32f4xx_hal_pwr_ex.o
 .debug_rnglists
                0x0000000000000873       0x66 ./Drivers/STM32F4xx_HAL_Driver/stm32f4xx_hal_rcc.o
 .debug_rnglists
                0x00000000000008d9       0x57 ./Drivers/STM32F4xx_HAL_Driver/stm32f4xx_hal_rcc_ex.o
 .debug_rnglists
                0x0000000000000930       0xb1 ./Drivers/STM32F4xx_HAL_Driver/stm32f4xx_hal_sdram.o
 .debug_rnglists
                0x00000000000009e1       0x95 ./Drivers/STM32F4xx_HAL_Driver/stm32f4xx_ll_fmc.o
 .debug_rnglists
                0x0000000000000a76       0x19 ./Example/Startup/startup_stm32f469nihx.o
 .debug_rnglists
                0x0000000000000a8f       0x49 ./Example/User/main.o
 .debug_rnglists
                0x0000000000000ad8       0x4f ./Example/User/stm32f4xx_it.o
 .debug_rnglists
                0x0000000000000b27       0x13 ./Example/User/sysmem.o

.debug_macro    0x0000000000000000    0x2c11d
 .debug_macro   0x0000000000000000      0x158 ./Drivers/BSP/Components/nt35510.o
 .debug_macro   0x0000000000000158      0xaae ./Drivers/BSP/Components/nt35510.o
 .debug_macro   0x0000000000000c06       0x22 ./Drivers/BSP/Components/nt35510.o
 .debug_macro   0x0000000000000c28       0x8e ./Drivers/BSP/Components/nt35510.o
 .debug_macro   0x0000000000000cb6       0x51 ./Drivers/BSP/Components/nt35510.o
 .debug_macro   0x0000000000000d07      0x103 ./Drivers/BSP/Components/nt35510.o
 .debug_macro   0x0000000000000e0a       0x6a ./Drivers/BSP/Components/nt35510.o
 .debug_macro   0x0000000000000e74      0x1df ./Drivers/BSP/Components/nt35510.o
 .debug_macro   0x0000000000001053      0x2c0 ./Drivers/BSP/Components/nt35510.o
 .debug_macro   0x0000000000001313       0x61 ./Drivers/BSP/Components/nt35510.o
 .debug_macro   0x0000000000001374       0x2a ./Drivers/BSP/Components/nt35510.o
 .debug_macro   0x000000000000139e       0x43 ./Drivers/BSP/Components/nt35510.o
 .debug_macro   0x00000000000013e1       0x34 ./Drivers/BSP/Components/nt35510.o
 .debug_macro   0x0000000000001415       0x16 ./Drivers/BSP/Components/nt35510.o
 .debug_macro   0x000000000000142b       0x97 ./Drivers/BSP/Components/nt35510.o
 .debug_macro   0x00000000000014c2      0x369 ./Drivers/BSP/Components/nt35510.o
 .debug_macro   0x000000000000182b       0xfd ./Drivers/BSP/Components/nt35510.o
 .debug_macro   0x0000000000001928       0x10 ./Drivers/BSP/Components/nt35510.o
 .debug_macro   0x0000000000001938       0x16 ./Drivers/BSP/Components/nt35510.o
 .debug_macro   0x000000000000194e       0x43 ./Drivers/BSP/Components/nt35510.o
 .debug_macro   0x0000000000001991       0x34 ./Drivers/BSP/Components/nt35510.o
 .debug_macro   0x00000000000019c5       0x10 ./Drivers/BSP/Components/nt35510.o
 .debug_macro   0x00000000000019d5       0x58 ./Drivers/BSP/Components/nt35510.o
 .debug_macro   0x0000000000001a2d       0x8e ./Drivers/BSP/Components/nt35510.o
 .debug_macro   0x0000000000001abb       0x1c ./Drivers/BSP/Components/nt35510.o
 .debug_macro   0x0000000000001ad7      0x177 ./Drivers/BSP/Components/nt35510.o
 .debug_macro   0x0000000000001c4e       0x16 ./Drivers/BSP/Components/nt35510.o
 .debug_macro   0x0000000000001c64       0x16 ./Drivers/BSP/Components/nt35510.o
 .debug_macro   0x0000000000001c7a      0x147 ./Drivers/BSP/Components/nt35510.o
 .debug_macro   0x0000000000001dc1       0x4c ./Drivers/BSP/Components/nt35510.o
 .debug_macro   0x0000000000001e0d      0x257 ./Drivers/BSP/STM32469I-Discovery/stm32469i_discovery.o
 .debug_macro   0x0000000000002064      0x1ca ./Drivers/BSP/STM32469I-Discovery/stm32469i_discovery.o
 .debug_macro   0x000000000000222e       0x2e ./Drivers/BSP/STM32469I-Discovery/stm32469i_discovery.o
 .debug_macro   0x000000000000225c       0x28 ./Drivers/BSP/STM32469I-Discovery/stm32469i_discovery.o
 .debug_macro   0x0000000000002284       0x1c ./Drivers/BSP/STM32469I-Discovery/stm32469i_discovery.o
 .debug_macro   0x00000000000022a0       0x22 ./Drivers/BSP/STM32469I-Discovery/stm32469i_discovery.o
 .debug_macro   0x00000000000022c2       0xfb ./Drivers/BSP/STM32469I-Discovery/stm32469i_discovery.o
 .debug_macro   0x00000000000023bd     0x1011 ./Drivers/BSP/STM32469I-Discovery/stm32469i_discovery.o
 .debug_macro   0x00000000000033ce      0x11f ./Drivers/BSP/STM32469I-Discovery/stm32469i_discovery.o
 .debug_macro   0x00000000000034ed    0x1d76d ./Drivers/BSP/STM32469I-Discovery/stm32469i_discovery.o
 .debug_macro   0x0000000000020c5a       0x6d ./Drivers/BSP/STM32469I-Discovery/stm32469i_discovery.o
 .debug_macro   0x0000000000020cc7     0x3703 ./Drivers/BSP/STM32469I-Discovery/stm32469i_discovery.o
 .debug_macro   0x00000000000243ca      0x174 ./Drivers/BSP/STM32469I-Discovery/stm32469i_discovery.o
 .debug_macro   0x000000000002453e       0x5c ./Drivers/BSP/STM32469I-Discovery/stm32469i_discovery.o
 .debug_macro   0x000000000002459a      0xde0 ./Drivers/BSP/STM32469I-Discovery/stm32469i_discovery.o
 .debug_macro   0x000000000002537a      0x9e9 ./Drivers/BSP/STM32469I-Discovery/stm32469i_discovery.o
 .debug_macro   0x0000000000025d63      0x115 ./Drivers/BSP/STM32469I-Discovery/stm32469i_discovery.o
 .debug_macro   0x0000000000025e78      0x192 ./Drivers/BSP/STM32469I-Discovery/stm32469i_discovery.o
 .debug_macro   0x000000000002600a       0xa5 ./Drivers/BSP/STM32469I-Discovery/stm32469i_discovery.o
 .debug_macro   0x00000000000260af      0x287 ./Drivers/BSP/STM32469I-Discovery/stm32469i_discovery.o
 .debug_macro   0x0000000000026336       0x5f ./Drivers/BSP/STM32469I-Discovery/stm32469i_discovery.o
 .debug_macro   0x0000000000026395      0x236 ./Drivers/BSP/STM32469I-Discovery/stm32469i_discovery.o
 .debug_macro   0x00000000000265cb      0x208 ./Drivers/BSP/STM32469I-Discovery/stm32469i_discovery.o
 .debug_macro   0x00000000000267d3      0x132 ./Drivers/BSP/STM32469I-Discovery/stm32469i_discovery.o
 .debug_macro   0x0000000000026905      0x41d ./Drivers/BSP/STM32469I-Discovery/stm32469i_discovery.o
 .debug_macro   0x0000000000026d22       0x2e ./Drivers/BSP/STM32469I-Discovery/stm32469i_discovery.o
 .debug_macro   0x0000000000026d50      0x51d ./Drivers/BSP/STM32469I-Discovery/stm32469i_discovery.o
 .debug_macro   0x000000000002726d       0x11 ./Drivers/BSP/STM32469I-Discovery/stm32469i_discovery.o
 .debug_macro   0x000000000002727e      0x1b5 ./Drivers/BSP/STM32469I-Discovery/stm32469i_discovery.o
 .debug_macro   0x0000000000027433       0x22 ./Drivers/BSP/STM32469I-Discovery/stm32469i_discovery.o
 .debug_macro   0x0000000000027455       0xd6 ./Drivers/BSP/STM32469I-Discovery/stm32469i_discovery.o
 .debug_macro   0x000000000002752b      0x198 ./Drivers/BSP/STM32469I-Discovery/stm32469i_discovery.o
 .debug_macro   0x00000000000276c3      0x6fc ./Drivers/BSP/STM32469I-Discovery/stm32469i_discovery.o
 .debug_macro   0x0000000000027dbf       0xd6 ./Drivers/BSP/STM32469I-Discovery/stm32469i_discovery.o
 .debug_macro   0x0000000000027e95      0x127 ./Drivers/BSP/STM32469I-Discovery/stm32469i_discovery.o
 .debug_macro   0x0000000000027fbc       0xe2 ./Drivers/BSP/STM32469I-Discovery/stm32469i_discovery.o
 .debug_macro   0x000000000002809e       0x89 ./Drivers/BSP/STM32469I-Discovery/stm32469i_discovery.o
 .debug_macro   0x0000000000028127      0x2aa ./Drivers/BSP/STM32469I-Discovery/stm32469i_discovery.o
 .debug_macro   0x00000000000283d1      0x2d4 ./Drivers/BSP/STM32469I-Discovery/stm32469i_discovery.o
 .debug_macro   0x00000000000286a5      0x134 ./Drivers/BSP/STM32469I-Discovery/stm32469i_discovery.o
 .debug_macro   0x00000000000287d9      0x22b ./Drivers/BSP/STM32469I-Discovery/stm32469i_discovery.o
 .debug_macro   0x0000000000028a04      0x36a ./Drivers/BSP/STM32469I-Discovery/stm32469i_discovery_lcd.o
 .debug_macro   0x0000000000028d6e      0x2c0 ./Drivers/BSP/STM32469I-Discovery/stm32469i_discovery_lcd.o
 .debug_macro   0x000000000002902e       0x56 ./Drivers/BSP/STM32469I-Discovery/stm32469i_discovery_lcd.o
 .debug_macro   0x0000000000029084       0x9a ./Drivers/BSP/STM32469I-Discovery/stm32469i_discovery_lcd.o
 .debug_macro   0x000000000002911e      0x231 ./Drivers/BSP/STM32469I-Discovery/stm32469i_discovery_lcd.o
 .debug_macro   0x000000000002934f       0x10 ./Drivers/BSP/STM32469I-Discovery/stm32469i_discovery_lcd.o
 .debug_macro   0x000000000002935f       0x10 ./Drivers/BSP/STM32469I-Discovery/stm32469i_discovery_lcd.o
 .debug_macro   0x000000000002936f       0x35 ./Drivers/BSP/STM32469I-Discovery/stm32469i_discovery_lcd.o
 .debug_macro   0x00000000000293a4       0x20 ./Drivers/BSP/STM32469I-Discovery/stm32469i_discovery_lcd.o
 .debug_macro   0x00000000000293c4      0x10b ./Drivers/BSP/STM32469I-Discovery/stm32469i_discovery_lcd.o
 .debug_macro   0x00000000000294cf      0x239 ./Drivers/BSP/STM32469I-Discovery/stm32469i_discovery_sdram.o
 .debug_macro   0x0000000000029708      0x230 ./Drivers/CMSIS/system_stm32f4xx.o
 .debug_macro   0x0000000000029938      0x28a ./Drivers/STM32F4xx_HAL_Driver/stm32f4xx_hal.o
 .debug_macro   0x0000000000029bc2      0x22a ./Drivers/STM32F4xx_HAL_Driver/stm32f4xx_hal_cortex.o
 .debug_macro   0x0000000000029dec      0x230 ./Drivers/STM32F4xx_HAL_Driver/stm32f4xx_hal_dma.o
 .debug_macro   0x000000000002a01c      0x239 ./Drivers/STM32F4xx_HAL_Driver/stm32f4xx_hal_dma2d.o
 .debug_macro   0x000000000002a255      0x278 ./Drivers/STM32F4xx_HAL_Driver/stm32f4xx_hal_dsi.o
 .debug_macro   0x000000000002a4cd      0x230 ./Drivers/STM32F4xx_HAL_Driver/stm32f4xx_hal_gpio.o
 .debug_macro   0x000000000002a6fd      0x232 ./Drivers/STM32F4xx_HAL_Driver/stm32f4xx_hal_ltdc.o
 .debug_macro   0x000000000002a92f      0x242 ./Drivers/STM32F4xx_HAL_Driver/stm32f4xx_hal_pwr_ex.o
 .debug_macro   0x000000000002ab71      0x24e ./Drivers/STM32F4xx_HAL_Driver/stm32f4xx_hal_rcc.o
 .debug_macro   0x000000000002adbf      0x22a ./Drivers/STM32F4xx_HAL_Driver/stm32f4xx_hal_rcc_ex.o
 .debug_macro   0x000000000002afe9      0x22a ./Drivers/STM32F4xx_HAL_Driver/stm32f4xx_hal_sdram.o
 .debug_macro   0x000000000002b213      0x256 ./Drivers/STM32F4xx_HAL_Driver/stm32f4xx_ll_fmc.o
 .debug_macro   0x000000000002b469      0x3d2 ./Example/User/main.o
 .debug_macro   0x000000000002b83b      0x167 ./Example/User/main.o
 .debug_macro   0x000000000002b9a2       0xa0 ./Example/User/main.o
 .debug_macro   0x000000000002ba42       0x1c ./Example/User/main.o
 .debug_macro   0x000000000002ba5e       0x1c ./Example/User/main.o
 .debug_macro   0x000000000002ba7a      0x368 ./Example/User/stm32f4xx_it.o
 .debug_macro   0x000000000002bde2       0xff ./Example/User/sysmem.o
 .debug_macro   0x000000000002bee1      0x23c ./Example/User/sysmem.o

.debug_line     0x0000000000000000    0x13310
 .debug_line    0x0000000000000000      0x64b ./Drivers/BSP/Components/nt35510.o
 .debug_line    0x000000000000064b      0xd5b ./Drivers/BSP/STM32469I-Discovery/stm32469i_discovery.o
 .debug_line    0x00000000000013a6     0x19b4 ./Drivers/BSP/STM32469I-Discovery/stm32469i_discovery_lcd.o
 .debug_line    0x0000000000002d5a      0xa2c ./Drivers/BSP/STM32469I-Discovery/stm32469i_discovery_sdram.o
 .debug_line    0x0000000000003786      0x8c9 ./Drivers/CMSIS/system_stm32f4xx.o
 .debug_line    0x000000000000404f      0xb49 ./Drivers/STM32F4xx_HAL_Driver/stm32f4xx_hal.o
 .debug_line    0x0000000000004b98      0xddf ./Drivers/STM32F4xx_HAL_Driver/stm32f4xx_hal_cortex.o
 .debug_line    0x0000000000005977     0x1077 ./Drivers/STM32F4xx_HAL_Driver/stm32f4xx_hal_dma.o
 .debug_line    0x00000000000069ee     0x12cb ./Drivers/STM32F4xx_HAL_Driver/stm32f4xx_hal_dma2d.o
 .debug_line    0x0000000000007cb9     0x2caa ./Drivers/STM32F4xx_HAL_Driver/stm32f4xx_hal_dsi.o
 .debug_line    0x000000000000a963      0xcaf ./Drivers/STM32F4xx_HAL_Driver/stm32f4xx_hal_gpio.o
 .debug_line    0x000000000000b612     0x1846 ./Drivers/STM32F4xx_HAL_Driver/stm32f4xx_hal_ltdc.o
 .debug_line    0x000000000000ce58      0xa3c ./Drivers/STM32F4xx_HAL_Driver/stm32f4xx_hal_pwr_ex.o
 .debug_line    0x000000000000d894      0xe98 ./Drivers/STM32F4xx_HAL_Driver/stm32f4xx_hal_rcc.o
 .debug_line    0x000000000000e72c     0x1121 ./Drivers/STM32F4xx_HAL_Driver/stm32f4xx_hal_rcc_ex.o
 .debug_line    0x000000000000f84d      0xf16 ./Drivers/STM32F4xx_HAL_Driver/stm32f4xx_hal_sdram.o
 .debug_line    0x0000000000010763      0xbdb ./Drivers/STM32F4xx_HAL_Driver/stm32f4xx_ll_fmc.o
 .debug_line    0x000000000001133e       0x7a ./Example/Startup/startup_stm32f469nihx.o
 .debug_line    0x00000000000113b8      0xd9b ./Example/User/main.o
 .debug_line    0x0000000000012153      0xc36 ./Example/User/stm32f4xx_it.o
 .debug_line    0x0000000000012d89      0x587 ./Example/User/sysmem.o

.debug_str      0x0000000000000000   0x100b58
 .debug_str     0x0000000000000000     0x84f4 ./Drivers/BSP/Components/nt35510.o
                                       0x8715 (size before relaxing)
 .debug_str     0x00000000000084f4    0xf155e ./Drivers/BSP/STM32469I-Discovery/stm32469i_discovery.o
                                      0xf57ca (size before relaxing)
 .debug_str     0x00000000000f9a52     0x2678 ./Drivers/BSP/STM32469I-Discovery/stm32469i_discovery_lcd.o
                                      0xfb18f (size before relaxing)
 .debug_str     0x00000000000fc0ca      0x4bb ./Drivers/BSP/STM32469I-Discovery/stm32469i_discovery_sdram.o
                                      0xf4b65 (size before relaxing)
 .debug_str     0x00000000000fc585      0x114 ./Drivers/CMSIS/system_stm32f4xx.o
                                      0xf3a3c (size before relaxing)
 .debug_str     0x00000000000fc699      0x692 ./Drivers/STM32F4xx_HAL_Driver/stm32f4xx_hal.o
                                      0xf4665 (size before relaxing)
 .debug_str     0x00000000000fcd2b      0x352 ./Drivers/STM32F4xx_HAL_Driver/stm32f4xx_hal_cortex.o
                                      0xf4361 (size before relaxing)
 .debug_str     0x00000000000fd07d      0x312 ./Drivers/STM32F4xx_HAL_Driver/stm32f4xx_hal_dma.o
                                      0xf3e33 (size before relaxing)
 .debug_str     0x00000000000fd38f      0x3a2 ./Drivers/STM32F4xx_HAL_Driver/stm32f4xx_hal_dma2d.o
                                      0xf4008 (size before relaxing)
 .debug_str     0x00000000000fd731      0x9d4 ./Drivers/STM32F4xx_HAL_Driver/stm32f4xx_hal_dsi.o
                                      0xf49e2 (size before relaxing)
 .debug_str     0x00000000000fe105      0x126 ./Drivers/STM32F4xx_HAL_Driver/stm32f4xx_hal_gpio.o
                                      0xf3ba7 (size before relaxing)
 .debug_str     0x00000000000fe22b      0x3b1 ./Drivers/STM32F4xx_HAL_Driver/stm32f4xx_hal_ltdc.o
                                      0xf4090 (size before relaxing)
 .debug_str     0x00000000000fe5dc      0x16a ./Drivers/STM32F4xx_HAL_Driver/stm32f4xx_hal_pwr_ex.o
                                      0xf3c04 (size before relaxing)
 .debug_str     0x00000000000fe746      0x3a0 ./Drivers/STM32F4xx_HAL_Driver/stm32f4xx_hal_rcc.o
                                      0xf3e65 (size before relaxing)
 .debug_str     0x00000000000feae6      0x184 ./Drivers/STM32F4xx_HAL_Driver/stm32f4xx_hal_rcc_ex.o
                                      0xf3d81 (size before relaxing)
 .debug_str     0x00000000000fec6a      0x33b ./Drivers/STM32F4xx_HAL_Driver/stm32f4xx_hal_sdram.o
                                      0xf414c (size before relaxing)
 .debug_str     0x00000000000fefa5      0x796 ./Drivers/STM32F4xx_HAL_Driver/stm32f4xx_ll_fmc.o
                                      0xf4318 (size before relaxing)
 .debug_str     0x00000000000ff73b       0x8b ./Example/Startup/startup_stm32f469nihx.o
 .debug_str     0x00000000000ff7c6      0xdd1 ./Example/User/main.o
                                      0xfb827 (size before relaxing)
 .debug_str     0x0000000000100597       0xe1 ./Example/User/stm32f4xx_it.o