C:/Users/alile/Desktop/FinalProject2/Screen/Src/main.c:49:13:OnError_Handler	2
C:/Users/alile/Desktop/FinalProject2/Screen/Src/main.c:64:5:main	1
C:/Users/alile/Desktop/FinalProject2/Screen/Src/main.c:96:5:ReadTemperature	1
C:/Users/alile/Desktop/FinalProject2/Screen/Src/main.c:109:6:HAL_DSI_EndOfRefreshCallback	2
C:/Users/alile/Desktop/FinalProject2/Screen/Src/main.c:117:13:SystemClock_Config	4
C:/Users/alile/Desktop/FinalProject2/Screen/Src/main.c:162:16:LCD_Init	1
C:/Users/alile/Desktop/FinalProject2/Screen/Src/main.c:260:6:LTDC_Init	1
C:/Users/alile/Desktop/FinalProject2/Screen/Src/main.c:287:13:LCD_BriefDisplay	1
C:/Users/alile/Desktop/FinalProject2/Screen/Src/main.c:305:13:CopyBuffer	4
