C:/Users/alile/Desktop/FinalProject2/Screen/Src/main.c:49:13:OnError_Handler	16	static
C:/Users/alile/Desktop/FinalProject2/Screen/Src/main.c:64:5:main	24	static
C:/Users/alile/Desktop/FinalProject2/Screen/Src/main.c:96:5:ReadTemperature	24	static
C:/Users/alile/Desktop/FinalProject2/Screen/Src/main.c:109:6:HAL_DSI_EndOfRefreshCallback	16	static
C:/Users/alile/Desktop/FinalProject2/Screen/Src/main.c:117:13:SystemClock_Config	96	static
C:/Users/alile/Desktop/FinalProject2/Screen/Src/main.c:162:16:LCD_Init	8	static
C:/Users/alile/Desktop/FinalProject2/Screen/Src/main.c:260:6:LTDC_Init	8	static
C:/Users/alile/Desktop/FinalProject2/Screen/Src/main.c:287:13:LCD_BriefDisplay	64	static
C:/Users/alile/Desktop/FinalProject2/Screen/Src/main.c:305:13:CopyBuffer	40	static
