C:/Users/alile/Desktop/FinalProject2/Screen/Drivers/BSP/STM32469I-Discovery/stm32469i_discovery_lcd.c:164:9:BSP_LCD_Init	8	static
C:/Users/alile/Desktop/FinalProject2/Screen/Drivers/BSP/STM32469I-Discovery/stm32469i_discovery_lcd.c:178:9:BSP_LCD_InitEx	96	static
C:/Users/alile/Desktop/FinalProject2/Screen/Drivers/BSP/STM32469I-Discovery/stm32469i_discovery_lcd.c:401:6:BSP_LCD_Reset	32	static
C:/Users/alile/Desktop/FinalProject2/Screen/Drivers/BSP/STM32469I-Discovery/stm32469i_discovery_lcd.c:441:10:BSP_LCD_GetXSize	4	static
C:/Users/alile/Desktop/FinalProject2/Screen/Drivers/BSP/STM32469I-Discovery/stm32469i_discovery_lcd.c:450:10:BSP_LCD_GetYSize	4	static
C:/Users/alile/Desktop/FinalProject2/Screen/Drivers/BSP/STM32469I-Discovery/stm32469i_discovery_lcd.c:459:6:BSP_LCD_SetXSize	16	static
C:/Users/alile/Desktop/FinalProject2/Screen/Drivers/BSP/STM32469I-Discovery/stm32469i_discovery_lcd.c:468:6:BSP_LCD_SetYSize	16	static
C:/Users/alile/Desktop/FinalProject2/Screen/Drivers/BSP/STM32469I-Discovery/stm32469i_discovery_lcd.c:479:6:BSP_LCD_LayerDefaultInit	72	static
C:/Users/alile/Desktop/FinalProject2/Screen/Drivers/BSP/STM32469I-Discovery/stm32469i_discovery_lcd.c:512:6:BSP_LCD_SelectLayer	16	static
C:/Users/alile/Desktop/FinalProject2/Screen/Drivers/BSP/STM32469I-Discovery/stm32469i_discovery_lcd.c:525:6:BSP_LCD_SetLayerVisible	16	static
C:/Users/alile/Desktop/FinalProject2/Screen/Drivers/BSP/STM32469I-Discovery/stm32469i_discovery_lcd.c:545:6:BSP_LCD_SetTransparency	16	static
C:/Users/alile/Desktop/FinalProject2/Screen/Drivers/BSP/STM32469I-Discovery/stm32469i_discovery_lcd.c:557:6:BSP_LCD_SetLayerAddress	16	static
C:/Users/alile/Desktop/FinalProject2/Screen/Drivers/BSP/STM32469I-Discovery/stm32469i_discovery_lcd.c:572:6:BSP_LCD_SetLayerWindow	24	static
C:/Users/alile/Desktop/FinalProject2/Screen/Drivers/BSP/STM32469I-Discovery/stm32469i_discovery_lcd.c:587:6:BSP_LCD_SetColorKeying	16	static
C:/Users/alile/Desktop/FinalProject2/Screen/Drivers/BSP/STM32469I-Discovery/stm32469i_discovery_lcd.c:598:6:BSP_LCD_ResetColorKeying	16	static
C:/Users/alile/Desktop/FinalProject2/Screen/Drivers/BSP/STM32469I-Discovery/stm32469i_discovery_lcd.c:608:6:BSP_LCD_SetTextColor	16	static
C:/Users/alile/Desktop/FinalProject2/Screen/Drivers/BSP/STM32469I-Discovery/stm32469i_discovery_lcd.c:617:10:BSP_LCD_GetTextColor	4	static
C:/Users/alile/Desktop/FinalProject2/Screen/Drivers/BSP/STM32469I-Discovery/stm32469i_discovery_lcd.c:626:6:BSP_LCD_SetBackColor	16	static
C:/Users/alile/Desktop/FinalProject2/Screen/Drivers/BSP/STM32469I-Discovery/stm32469i_discovery_lcd.c:635:10:BSP_LCD_GetBackColor	4	static
C:/Users/alile/Desktop/FinalProject2/Screen/Drivers/BSP/STM32469I-Discovery/stm32469i_discovery_lcd.c:644:6:BSP_LCD_SetFont	16	static
C:/Users/alile/Desktop/FinalProject2/Screen/Drivers/BSP/STM32469I-Discovery/stm32469i_discovery_lcd.c:653:8:BSP_LCD_GetFont	4	static
C:/Users/alile/Desktop/FinalProject2/Screen/Drivers/BSP/STM32469I-Discovery/stm32469i_discovery_lcd.c:664:10:BSP_LCD_ReadPixel	32	static
C:/Users/alile/Desktop/FinalProject2/Screen/Drivers/BSP/STM32469I-Discovery/stm32469i_discovery_lcd.c:698:6:BSP_LCD_Clear	40	static
C:/Users/alile/Desktop/FinalProject2/Screen/Drivers/BSP/STM32469I-Discovery/stm32469i_discovery_lcd.c:708:6:BSP_LCD_ClearStringLine	32	static
C:/Users/alile/Desktop/FinalProject2/Screen/Drivers/BSP/STM32469I-Discovery/stm32469i_discovery_lcd.c:727:6:BSP_LCD_DisplayChar	24	static
C:/Users/alile/Desktop/FinalProject2/Screen/Drivers/BSP/STM32469I-Discovery/stm32469i_discovery_lcd.c:744:6:BSP_LCD_DisplayStringAt	48	static
C:/Users/alile/Desktop/FinalProject2/Screen/Drivers/BSP/STM32469I-Discovery/stm32469i_discovery_lcd.c:806:6:BSP_LCD_DisplayStringAtLine	16	static
C:/Users/alile/Desktop/FinalProject2/Screen/Drivers/BSP/STM32469I-Discovery/stm32469i_discovery_lcd.c:817:6:BSP_LCD_DrawHLine	40	static
C:/Users/alile/Desktop/FinalProject2/Screen/Drivers/BSP/STM32469I-Discovery/stm32469i_discovery_lcd.c:834:6:BSP_LCD_DrawVLine	48	static
C:/Users/alile/Desktop/FinalProject2/Screen/Drivers/BSP/STM32469I-Discovery/stm32469i_discovery_lcd.c:852:6:BSP_LCD_DrawLine	56	static
C:/Users/alile/Desktop/FinalProject2/Screen/Drivers/BSP/STM32469I-Discovery/stm32469i_discovery_lcd.c:926:6:BSP_LCD_DrawRect	24	static
C:/Users/alile/Desktop/FinalProject2/Screen/Drivers/BSP/STM32469I-Discovery/stm32469i_discovery_lcd.c:943:6:BSP_LCD_DrawCircle	40	static
C:/Users/alile/Desktop/FinalProject2/Screen/Drivers/BSP/STM32469I-Discovery/stm32469i_discovery_lcd.c:989:6:BSP_LCD_DrawPolygon	32	static
C:/Users/alile/Desktop/FinalProject2/Screen/Drivers/BSP/STM32469I-Discovery/stm32469i_discovery_lcd.c:1016:6:BSP_LCD_DrawEllipse	64	static
C:/Users/alile/Desktop/FinalProject2/Screen/Drivers/BSP/STM32469I-Discovery/stm32469i_discovery_lcd.c:1048:6:BSP_LCD_DrawBitmap	56	static
C:/Users/alile/Desktop/FinalProject2/Screen/Drivers/BSP/STM32469I-Discovery/stm32469i_discovery_lcd.c:1105:6:BSP_LCD_FillRect	48	static
C:/Users/alile/Desktop/FinalProject2/Screen/Drivers/BSP/STM32469I-Discovery/stm32469i_discovery_lcd.c:1125:6:BSP_LCD_FillCircle	32	static
C:/Users/alile/Desktop/FinalProject2/Screen/Drivers/BSP/STM32469I-Discovery/stm32469i_discovery_lcd.c:1172:6:BSP_LCD_FillPolygon	64	static
C:/Users/alile/Desktop/FinalProject2/Screen/Drivers/BSP/STM32469I-Discovery/stm32469i_discovery_lcd.c:1239:6:BSP_LCD_FillEllipse	56	static
C:/Users/alile/Desktop/FinalProject2/Screen/Drivers/BSP/STM32469I-Discovery/stm32469i_discovery_lcd.c:1269:6:BSP_LCD_DisplayOn	16	static
C:/Users/alile/Desktop/FinalProject2/Screen/Drivers/BSP/STM32469I-Discovery/stm32469i_discovery_lcd.c:1284:6:BSP_LCD_DisplayOff	16	static
C:/Users/alile/Desktop/FinalProject2/Screen/Drivers/BSP/STM32469I-Discovery/stm32469i_discovery_lcd.c:1302:6:DSI_IO_WriteCmd	24	static
C:/Users/alile/Desktop/FinalProject2/Screen/Drivers/BSP/STM32469I-Discovery/stm32469i_discovery_lcd.c:1321:13:BSP_LCD_DMA2D_IRQHandler	8	static
C:/Users/alile/Desktop/FinalProject2/Screen/Drivers/BSP/STM32469I-Discovery/stm32469i_discovery_lcd.c:1330:13:BSP_LCD_DSI_IRQHandler	8	static
C:/Users/alile/Desktop/FinalProject2/Screen/Drivers/BSP/STM32469I-Discovery/stm32469i_discovery_lcd.c:1340:13:BSP_LCD_LTDC_IRQHandler	8	static
C:/Users/alile/Desktop/FinalProject2/Screen/Drivers/BSP/STM32469I-Discovery/stm32469i_discovery_lcd.c:1349:13:BSP_LCD_MspDeInit	8	static
C:/Users/alile/Desktop/FinalProject2/Screen/Drivers/BSP/STM32469I-Discovery/stm32469i_discovery_lcd.c:1375:13:BSP_LCD_MspInit	24	static
C:/Users/alile/Desktop/FinalProject2/Screen/Drivers/BSP/STM32469I-Discovery/stm32469i_discovery_lcd.c:1416:13:BSP_LCD_LTDC_ER_IRQHandler	8	static
C:/Users/alile/Desktop/FinalProject2/Screen/Drivers/BSP/STM32469I-Discovery/stm32469i_discovery_lcd.c:1428:6:BSP_LCD_DrawPixel	24	static
C:/Users/alile/Desktop/FinalProject2/Screen/Drivers/BSP/STM32469I-Discovery/stm32469i_discovery_lcd.c:1441:13:DrawChar	40	static
C:/Users/alile/Desktop/FinalProject2/Screen/Drivers/BSP/STM32469I-Discovery/stm32469i_discovery_lcd.c:1499:13:FillTriangle	56	static
C:/Users/alile/Desktop/FinalProject2/Screen/Drivers/BSP/STM32469I-Discovery/stm32469i_discovery_lcd.c:1576:13:LL_FillBuffer	32	static
C:/Users/alile/Desktop/FinalProject2/Screen/Drivers/BSP/STM32469I-Discovery/stm32469i_discovery_lcd.c:1606:13:LL_ConvertLineToARGB8888	32	static
